../Inc/core_cm4.h:1688:22:__NVIC_EnableIRQ	16	static
../Src/timer.c:10:6:Timer_Init	16	static
../Src/timer.c:27:6:Timer_Start	4	static
../Src/timer.c:32:6:Timer_StartOneShot	16	static
../Src/timer.c:50:6:setTimerPeriod	16	static
../Src/timer.c:56:10:getTimerPeriod	4	static
../Src/timer.c:60:6:TIM2_IRQHandler	8	static
../Src/timer.c:76:6:periodicBlink	16	static
../Src/timer.c:83:6:oneShotBlink	16	static
../Src/timer.c:90:6:enable_clocks	4	static
../Src/timer.c:96:6:initialise_board	8	static
../Src/timer.c:111:6:oneshot_action	16	static
../Src/timer.c:117:6:periodic_action	16	static
