C:/Users/AngusMclean/Downloads/MTRX2700-2025-main/MTRX2700-2025-main/stm32f303-definitions/Core/Inc/core_cm4.h:1688:22:__NVIC_EnableIRQ	16	static
C:/Users/AngusMclean/Downloads/MTRX2700-2025-main/MTRX2700-2025-main/stm32f303-definitions/Core/Inc/core_cm4.h:1816:22:__NVIC_SetPriority	16	static
../Src/serial.c:44:6:SerialInitialise	32	static
../Src/serial.c:80:6:enable_interrupt_USART1_PC11	8	static,ignoring_inline_asm
../Src/serial.c:88:6:enable_interrupt_USART2_PA3	8	static,ignoring_inline_asm
../Src/serial.c:97:6:USART1_EXTI25_IRQHandler	16	static
../Src/serial.c:123:6:USART2_EXTI26_IRQHandler	16	static
../Src/serial.c:149:6:SerialOutputStringInterrupt	24	static
