C:/Users/AngusMclean/Downloads/MTRX2700-2025-main/MTRX2700-2025-main/stm32f303-definitions/Core/Inc/core_cm4.h:1688:22:__NVIC_EnableIRQ	16	static
C:/Users/AngusMclean/Downloads/MTRX2700-2025-main/MTRX2700-2025-main/stm32f303-definitions/Core/Inc/core_cm4.h:1816:22:__NVIC_SetPriority	16	static
../Src/stepper.c:52:6:stepper_timer_init	8	static,ignoring_inline_asm
../Src/stepper.c:66:6:stepper_control_init	64	static
../Src/stepper.c:77:6:TIM2_IRQHandler	8	static
../Src/stepper.c:118:6:plan_velocity	24	static
../Src/stepper.c:141:6:set_z_target	24	static
../Src/stepper.c:155:20:step_motor_A	16	static
../Src/stepper.c:166:20:step_motor_B	16	static
../Src/stepper.c:179:6:init_axis0_gpio	4	static
../Src/stepper.c:211:6:init_axis1_gpio	4	static
../Src/stepper.c:241:6:init_axis2_gpio	4	static
