C:/Users/Angus/Documents/UNI/GITHUB/MTRX2700_ASM_LAB/examples/stm32f303-definitions/Core/Inc/core_cm4.h:1688:22:__NVIC_EnableIRQ	16	static
C:/Users/Angus/Documents/UNI/GITHUB/MTRX2700_ASM_LAB/examples/stm32f303-definitions/Core/Inc/core_cm4.h:1816:22:__NVIC_SetPriority	16	static
../Src/serial.c:120:6:SerialInitialise	40	static
../Src/serial.c:176:6:enable_interrupt_USART1_PC11	8	static,ignoring_inline_asm
../Src/serial.c:190:6:enable_interrupt_USART2_PA3	8	static,ignoring_inline_asm
../Src/serial.c:202:6:USART1_EXTI25_IRQHandler	16	static
../Src/serial.c:254:6:USART2_EXTI26_IRQHandler	16	static
../Src/serial.c:295:6:SerialOutputStringInterrupt	24	static
