Archive member included to satisfy reference by file (symbol)

C:/ST/STM32CubeIDE_1.17.0/STM32CubeIDE/plugins/com.st.stm32cube.ide.mcu.externaltools.gnu-tools-for-stm32.12.3.rel1.win32_1.1.0.202410251130/tools/bin/../lib/gcc/arm-none-eabi/12.3.1/../../../../arm-none-eabi/lib/thumb/v7e-m+fp/hard\libc_nano.a(libc_a-exit.o)
                              C:/ST/STM32CubeIDE_1.17.0/STM32CubeIDE/plugins/com.st.stm32cube.ide.mcu.externaltools.gnu-tools-for-stm32.12.3.rel1.win32_1.1.0.202410251130/tools/bin/../lib/gcc/arm-none-eabi/12.3.1/../../../../arm-none-eabi/lib/thumb/v7e-m+fp/hard/crt0.o (exit)
C:/ST/STM32CubeIDE_1.17.0/STM32CubeIDE/plugins/com.st.stm32cube.ide.mcu.externaltools.gnu-tools-for-stm32.12.3.rel1.win32_1.1.0.202410251130/tools/bin/../lib/gcc/arm-none-eabi/12.3.1/../../../../arm-none-eabi/lib/thumb/v7e-m+fp/hard\libc_nano.a(libc_a-findfp.o)
                              C:/ST/STM32CubeIDE_1.17.0/STM32CubeIDE/plugins/com.st.stm32cube.ide.mcu.externaltools.gnu-tools-for-stm32.12.3.rel1.win32_1.1.0.202410251130/tools/bin/../lib/gcc/arm-none-eabi/12.3.1/../../../../arm-none-eabi/lib/thumb/v7e-m+fp/hard\libc_nano.a(libc_a-exit.o) (__stdio_exit_handler)
C:/ST/STM32CubeIDE_1.17.0/STM32CubeIDE/plugins/com.st.stm32cube.ide.mcu.externaltools.gnu-tools-for-stm32.12.3.rel1.win32_1.1.0.202410251130/tools/bin/../lib/gcc/arm-none-eabi/12.3.1/../../../../arm-none-eabi/lib/thumb/v7e-m+fp/hard\libc_nano.a(libc_a-fwalk.o)
                              C:/ST/STM32CubeIDE_1.17.0/STM32CubeIDE/plugins/com.st.stm32cube.ide.mcu.externaltools.gnu-tools-for-stm32.12.3.rel1.win32_1.1.0.202410251130/tools/bin/../lib/gcc/arm-none-eabi/12.3.1/../../../../arm-none-eabi/lib/thumb/v7e-m+fp/hard\libc_nano.a(libc_a-findfp.o) (_fwalk_sglue)
C:/ST/STM32CubeIDE_1.17.0/STM32CubeIDE/plugins/com.st.stm32cube.ide.mcu.externaltools.gnu-tools-for-stm32.12.3.rel1.win32_1.1.0.202410251130/tools/bin/../lib/gcc/arm-none-eabi/12.3.1/../../../../arm-none-eabi/lib/thumb/v7e-m+fp/hard\libc_nano.a(libc_a-stdio.o)
                              C:/ST/STM32CubeIDE_1.17.0/STM32CubeIDE/plugins/com.st.stm32cube.ide.mcu.externaltools.gnu-tools-for-stm32.12.3.rel1.win32_1.1.0.202410251130/tools/bin/../lib/gcc/arm-none-eabi/12.3.1/../../../../arm-none-eabi/lib/thumb/v7e-m+fp/hard\libc_nano.a(libc_a-findfp.o) (__sread)
C:/ST/STM32CubeIDE_1.17.0/STM32CubeIDE/plugins/com.st.stm32cube.ide.mcu.externaltools.gnu-tools-for-stm32.12.3.rel1.win32_1.1.0.202410251130/tools/bin/../lib/gcc/arm-none-eabi/12.3.1/../../../../arm-none-eabi/lib/thumb/v7e-m+fp/hard\libc_nano.a(libc_a-memset.o)
                              C:/ST/STM32CubeIDE_1.17.0/STM32CubeIDE/plugins/com.st.stm32cube.ide.mcu.externaltools.gnu-tools-for-stm32.12.3.rel1.win32_1.1.0.202410251130/tools/bin/../lib/gcc/arm-none-eabi/12.3.1/../../../../arm-none-eabi/lib/thumb/v7e-m+fp/hard/crt0.o (memset)
C:/ST/STM32CubeIDE_1.17.0/STM32CubeIDE/plugins/com.st.stm32cube.ide.mcu.externaltools.gnu-tools-for-stm32.12.3.rel1.win32_1.1.0.202410251130/tools/bin/../lib/gcc/arm-none-eabi/12.3.1/../../../../arm-none-eabi/lib/thumb/v7e-m+fp/hard\libc_nano.a(libc_a-closer.o)
                              C:/ST/STM32CubeIDE_1.17.0/STM32CubeIDE/plugins/com.st.stm32cube.ide.mcu.externaltools.gnu-tools-for-stm32.12.3.rel1.win32_1.1.0.202410251130/tools/bin/../lib/gcc/arm-none-eabi/12.3.1/../../../../arm-none-eabi/lib/thumb/v7e-m+fp/hard\libc_nano.a(libc_a-stdio.o) (_close_r)
C:/ST/STM32CubeIDE_1.17.0/STM32CubeIDE/plugins/com.st.stm32cube.ide.mcu.externaltools.gnu-tools-for-stm32.12.3.rel1.win32_1.1.0.202410251130/tools/bin/../lib/gcc/arm-none-eabi/12.3.1/../../../../arm-none-eabi/lib/thumb/v7e-m+fp/hard\libc_nano.a(libc_a-reent.o)
                              C:/ST/STM32CubeIDE_1.17.0/STM32CubeIDE/plugins/com.st.stm32cube.ide.mcu.externaltools.gnu-tools-for-stm32.12.3.rel1.win32_1.1.0.202410251130/tools/bin/../lib/gcc/arm-none-eabi/12.3.1/../../../../arm-none-eabi/lib/thumb/v7e-m+fp/hard\libc_nano.a(libc_a-closer.o) (errno)
C:/ST/STM32CubeIDE_1.17.0/STM32CubeIDE/plugins/com.st.stm32cube.ide.mcu.externaltools.gnu-tools-for-stm32.12.3.rel1.win32_1.1.0.202410251130/tools/bin/../lib/gcc/arm-none-eabi/12.3.1/../../../../arm-none-eabi/lib/thumb/v7e-m+fp/hard\libc_nano.a(libc_a-impure.o)
                              C:/ST/STM32CubeIDE_1.17.0/STM32CubeIDE/plugins/com.st.stm32cube.ide.mcu.externaltools.gnu-tools-for-stm32.12.3.rel1.win32_1.1.0.202410251130/tools/bin/../lib/gcc/arm-none-eabi/12.3.1/../../../../arm-none-eabi/lib/thumb/v7e-m+fp/hard\libc_nano.a(libc_a-reent.o) (_impure_ptr)
C:/ST/STM32CubeIDE_1.17.0/STM32CubeIDE/plugins/com.st.stm32cube.ide.mcu.externaltools.gnu-tools-for-stm32.12.3.rel1.win32_1.1.0.202410251130/tools/bin/../lib/gcc/arm-none-eabi/12.3.1/../../../../arm-none-eabi/lib/thumb/v7e-m+fp/hard\libc_nano.a(libc_a-lseekr.o)
[...]
Memory Configuration

Name             Origin             Length             Attributes
CCMRAM           0x10000000         0x00002000         xrw
RAM              0x20000000         0x0000a000         xrw
FLASH            0x08000000         0x00040000         xr
*default*        0x00000000         0xffffffff

Linker script and memory map

LOAD C:/ST/STM32CubeIDE_1.17.0/STM32CubeIDE/plugins/com.st.stm32cube.ide.mcu.externaltools.gnu-tools-for-stm32.12.3.rel1.win32_1.1.0.202410251130/tools/bin/../lib/gcc/arm-none-eabi/12.3.1/thumb/v7e-m+fp/hard/crti.o
LOAD C:/ST/STM32CubeIDE_1.17.0/STM32CubeIDE/plugins/com.st.stm32cube.ide.mcu.externaltools.gnu-tools-for-stm32.12.3.rel1.win32_1.1.0.202410251130/tools/bin/../lib/gcc/arm-none-eabi/12.3.1/thumb/v7e-m+fp/hard/crtbegin.o
LOAD C:/ST/STM32CubeIDE_1.17.0/STM32CubeIDE/plugins/com.st.stm32cube.ide.mcu.externaltools.gnu-tools-for-stm32.12.3.rel1.win32_1.1.0.202410251130/tools/bin/../lib/gcc/arm-none-eabi/12.3.1/../../../../arm-none-eabi/lib/thumb/v7e-m+fp/hard/crt0.o
LOAD ./Src/command_parser.o
LOAD ./Src/main.o
LOAD ./Src/serial.o
LOAD ./Src/servo.o
LOAD ./Src/stepper_timer.o
LOAD ./Src/syscalls.o
LOAD ./Src/sysmem.o
LOAD ./Startup/startup_stm32f303vctx.o
START GROUP
LOAD C:/ST/STM32CubeIDE_1.17.0/STM32CubeIDE/plugins/com.st.stm32cube.ide.mcu.externaltools.gnu-tools-for-stm32.12.3.rel1.win32_1.1.0.202410251130/tools/bin/../lib/gcc/arm-none-eabi/12.3.1/../../../../arm-none-eabi/lib/thumb/v7e-m+fp/hard\libc_nano.a
LOAD C:/ST/STM32CubeIDE_1.17.0/STM32CubeIDE/plugins/com.st.stm32cube.ide.mcu.externaltools.gnu-tools-for-stm32.12.3.rel1.win32_1.1.0.202410251130/tools/bin/../lib/gcc/arm-none-eabi/12.3.1/../../../../arm-none-eabi/lib/thumb/v7e-m+fp/hard\libm.a
END GROUP
START GROUP
LOAD C:/ST/STM32CubeIDE_1.17.0/STM32CubeIDE/plugins/com.st.stm32cube.ide.mcu.externaltools.gnu-tools-for-stm32.12.3.rel1.win32_1.1.0.202410251130/tools/bin/../lib/gcc/arm-none-eabi/12.3.1/thumb/v7e-m+fp/hard\libgcc.a
LOAD C:/ST/STM32CubeIDE_1.17.0/STM32CubeIDE/plugins/com.st.stm32cube.ide.mcu.externaltools.gnu-tools-for-stm32.12.3.rel1.win32_1.1.0.202410251130/tools/bin/../lib/gcc/arm-none-eabi/12.3.1/../../../../arm-none-eabi/lib/thumb/v7e-m+fp/hard\libc_nano.a
END GROUP
START GROUP
LOAD C:/ST/STM32CubeIDE_1.17.0/STM32CubeIDE/plugins/com.st.stm32cube.ide.mcu.externaltools.gnu-tools-for-stm32.12.3.rel1.win32_1.1.0.202410251130/tools/bin/../lib/gcc/arm-none-eabi/12.3.1/thumb/v7e-m+fp/hard\libgcc.a
LOAD C:/ST/STM32CubeIDE_1.17.0/STM32CubeIDE/plugins/com.st.stm32cube.ide.mcu.externaltools.gnu-tools-for-stm32.12.3.rel1.win32_1.1.0.202410251130/tools/bin/../lib/gcc/arm-none-eabi/12.3.1/../../../../arm-none-eabi/lib/thumb/v7e-m+fp/hard\libc_nano.a
LOAD C:/ST/STM32CubeIDE_1.17.0/STM32CubeIDE/plugins/com.st.stm32cube.ide.mcu.externaltools.gnu-tools-for-stm32.12.3.rel1.win32_1.1.0.202410251130/tools/bin/../lib/gcc/arm-none-eabi/12.3.1/../../../../arm-none-eabi/lib/thumb/v7e-m+fp/hard\libnosys.a
END GROUP
START GROUP
LOAD C:/ST/STM32CubeIDE_1.17.0/STM32CubeIDE/plugins/com.st.stm32cube.ide.mcu.externaltools.gnu-tools-for-stm32.12.3.rel1.win32_1.1.0.202410251130/tools/bin/../lib/gcc/arm-none-eabi/12.3.1/thumb/v7e-m+fp/hard\libgcc.a
LOAD C:/ST/STM32CubeIDE_1.17.0/STM32CubeIDE/plugins/com.st.stm32cube.ide.mcu.externaltools.gnu-tools-for-stm32.12.3.rel1.win32_1.1.0.202410251130/tools/bin/../lib/gcc/arm-none-eabi/12.3.1/../../../../arm-none-eabi/lib/thumb/v7e-m+fp/hard\libc_nano.a
LOAD C:/ST/STM32CubeIDE_1.17.0/STM32CubeIDE/plugins/com.st.stm32cube.ide.mcu.externaltools.gnu-tools-for-stm32.12.3.rel1.win32_1.1.0.202410251130/tools/bin/../lib/gcc/arm-none-eabi/12.3.1/../../../../arm-none-eabi/lib/thumb/v7e-m+fp/hard\libnosys.a
END GROUP
LOAD C:/ST/STM32CubeIDE_1.17.0/STM32CubeIDE/plugins/com.st.stm32cube.ide.mcu.externaltools.gnu-tools-for-stm32.12.3.rel1.win32_1.1.0.202410251130/tools/bin/../lib/gcc/arm-none-eabi/12.3.1/thumb/v7e-m+fp/hard/crtend.o
LOAD C:/ST/STM32CubeIDE_1.17.0/STM32CubeIDE/plugins/com.st.stm32cube.ide.mcu.externaltools.gnu-tools-for-stm32.12.3.rel1.win32_1.1.0.202410251130/tools/bin/../lib/gcc/arm-none-eabi/12.3.1/thumb/v7e-m+fp/hard/crtn.o
                0x2000a000                        _estack = (ORIGIN (RAM) + LENGTH (RAM))
                0x00000200                        _Min_Heap_Size = 0x200
                0x00000400                        _Min_Stack_Size = 0x400

.isr_vector     0x08000000      0x194
                0x08000000                        . = ALIGN (0x4)
 *(.isr_vector)
 .isr_vector    0x08000000      0x194 ./Startup/startup_stm32f303vctx.o
                0x08000000                g_pfnVectors
                0x08000194                        . = ALIGN (0x4)

.text           0x08000194      0xe68
                0x08000194                        . = ALIGN (0x4)
 *(.text)
 .text          0x08000194       0x40 C:/ST/STM32CubeIDE_1.17.0/STM32CubeIDE/plugins/com.st.stm32cube.ide.mcu.externaltools.gnu-tools-for-stm32.12.3.rel1.win32_1.1.0.202410251130/tools/bin/../lib/gcc/arm-none-eabi/12.3.1/thumb/v7e-m+fp/hard/crtbegin.o
 *(.text*)
 .text.on_serial_command
                0x080001d4       0x20 ./Src/main.o
                0x080001d4                on_serial_command
 .text.main     0x080001f4       0x58 ./Src/main.o
                0x080001f4                main
 .text.__NVIC_EnableIRQ
                0x0800024c       0x3c ./Src/serial.o
 .text.__NVIC_SetPriority
                0x08000288       0x54 ./Src/serial.o
 .text.SerialInitialise
                0x080002dc      0x160 ./Src/serial.o
                0x080002dc                SerialInitialise
 .text.enable_interrupt_USART1_PC11
                0x0800043c       0x30 ./Src/serial.o
                0x0800043c                enable_interrupt_USART1_PC11
 .text.enable_interrupt_USART2_PA3
                0x0800046c       0x30 ./Src/serial.o
                0x0800046c                enable_interrupt_USART2_PA3
 .text.USART1_EXTI25_IRQHandler
                0x0800049c       0xd4 ./Src/serial.o
                0x0800049c                USART1_EXTI25_IRQHandler
 .text.USART2_EXTI26_IRQHandler
                0x08000570       0xbc ./Src/serial.o
                0x08000570                USART2_EXTI26_IRQHandler
 .text.SerialOutputChar
                0x0800062c       0x32 ./Src/serial.o
                0x0800062c                SerialOutputChar
 .text.SerialOutputString
                0x0800065e       0x48 ./Src/serial.o
                0x0800065e                SerialOutputString
 *fill*         0x080006a6        0x2 
 .text.Servo_Init
                0x080006a8       0xb0 ./Src/servo.o
                0x080006a8                Servo_Init
 .text.Servo_SetPulse
                0x08000758       0x3c ./Src/servo.o
                0x08000758                Servo_SetPulse
 .text.Servo_Open
                0x08000794       0x10 ./Src/servo.o
                0x08000794                Servo_Open
 .text.Servo_Close
                0x080007a4       0x10 ./Src/servo.o
                0x080007a4                Servo_Close
 .text.__NVIC_EnableIRQ
                0x080007b4       0x3c ./Src/stepper_timer.o
 .text.__NVIC_SetPriority
                0x080007f0       0x54 ./Src/stepper_timer.o
 .text.stepper_timer_init
                0x08000844       0x90 ./Src/stepper_timer.o
                0x08000844                stepper_timer_init
 .text.stepper_control_init
                0x080008d4       0x70 ./Src/stepper_timer.o
                0x080008d4                stepper_control_init
 .text.TIM2_IRQHandler
                0x08000944      0x14c ./Src/stepper_timer.o
                0x08000944                TIM2_IRQHandler
 .text.plan_velocity
                0x08000a90      0x110 ./Src/stepper_timer.o
                0x08000a90                plan_velocity
 .text.set_z_target
                0x08000ba0       0x88 ./Src/stepper_timer.o
                0x08000ba0                set_z_target
 .text.step_motor_A
                0x08000c28       0x84 ./Src/stepper_timer.o
 .text.step_motor_B
                0x08000cac       0x80 ./Src/stepper_timer.o
 .text.init_axis0_gpio
                0x08000d2c       0xb4 ./Src/stepper_timer.o
                0x08000d2c                init_axis0_gpio
 .text.init_axis1_gpio
                0x08000de0       0xb4 ./Src/stepper_timer.o
                0x08000de0                init_axis1_gpio
 .text.init_axis2_gpio
                0x08000e94       0xb4 ./Src/stepper_timer.o
                0x08000e94                init_axis2_gpio
 .text.Reset_Handler
                0x08000f48       0x50 ./Startup/startup_stm32f303vctx.o
                0x08000f48                Reset_Handler
 .text.Default_Handler
                0x08000f98        0x2 ./Startup/startup_stm32f303vctx.o
                0x08000f98                TIM8_TRG_COM_IRQHandler
                0x08000f98                TIM8_CC_IRQHandler
                0x08000f98                DebugMon_Handler
                0x08000f98                DMA1_CH4_IRQHandler
                0x08000f98                SPI4_IRQHandler
                0x08000f98                TIM1_CC_IRQHandler
                0x08000f98                HardFault_Handler
                0x08000f98                USB_HP_IRQHandler
                0x08000f98                I2C2_EV_EXTI24_IRQHandler
                0x08000f98                SysTick_Handler
                0x08000f98                USB_WKUP_EXTI_IRQHandler
                0x08000f98                PVD_IRQHandler
                0x08000f98                UART4_EXTI34_IRQHandler
                0x08000f98                TAMP_STAMP_IRQHandler
                0x08000f98                PendSV_Handler
                0x08000f98                NMI_Handler
                0x08000f98                EXTI3_IRQHandler
                0x08000f98                I2C3_ER_IRQHandler
                0x08000f98                TIM6_DACUNDER_IRQHandler
                0x08000f98                USB_HP_CAN_TX_IRQHandler
                0x08000f98                EXTI0_IRQHandler
                0x08000f98                DMA2_CH1_IRQHandler
                0x08000f98                TIM1_UP_TIM16_IRQHandler
                0x08000f98                UsageFault_Handler
                0x08000f98                ADC1_2_IRQHandler
                0x08000f98                SPI1_IRQHandler
                0x08000f98                CAN_SCE_IRQHandler
                0x08000f98                DMA1_CH7_IRQHandler
                0x08000f98                TIM8_UP_IRQHandler
                0x08000f98                COMP456_IRQHandler
                0x08000f98                DMA1_CH6_IRQHandler
                0x08000f98                TIM20_TRG_COM_IRQHandler
                0x08000f98                ADC3_IRQHandler
                0x08000f98                TIM4_IRQHandler
                0x08000f98                CAN_RX1_IRQHandler
                0x08000f98                DMA2_CH5_IRQHandler
                0x08000f98                I2C1_EV_EXTI23_IRQHandler
                0x08000f98                DMA1_CH3_IRQHandler
                0x08000f98                TIM3_IRQHandler
                0x08000f98                RCC_IRQHandler
                0x08000f98                TIM20_UP_IRQHandler
                0x08000f98                Default_Handler
                0x08000f98                EXTI15_10_IRQHandler
                0x08000f98                USART3_EXTI28_IRQHandler
                0x08000f98                TIM7_IRQHandler
                0x08000f98                I2C3_EV_IRQHandler
                0x08000f98                EXTI9_5_IRQHandler
                0x08000f98                DMA1_CH2_IRQHandler
                0x08000f98                RTC_WKUP_IRQHandler
                0x08000f98                SPI2_IRQHandler
                0x08000f98                DMA1_CH1_IRQHandler
                0x08000f98                USB_LP_CAN_RX0_IRQHandler
                0x08000f98                MemManage_Handler
                0x08000f98                COMP123_IRQHandler
                0x08000f98                SVC_Handler
                0x08000f98                USB_LP_IRQHandler
                0x08000f98                EXTI4_IRQHandler
                0x08000f98                TIM1_TRG_COM_TIM17_IRQHandler
                0x08000f98                ADC4_IRQHandler
                0x08000f98                WWDG_IRQHandler
                0x08000f98                COMP7_IRQHandler
                0x08000f98                EXTI1_IRQHandler
                0x08000f98                RTCAlarm_IRQHandler
                0x08000f98                UART5_EXTI35_IRQHandler
                0x08000f98                TIM20_BRK_IRQHandler
                0x08000f98                I2C2_ER_IRQHandler
                0x08000f98                TIM8_BRK_IRQHandler
                0x08000f98                FLASH_IRQHandler
                0x08000f98                TIM20_CC_IRQHandler
                0x08000f98                BusFault_Handler
                0x08000f98                SPI3_IRQHandler
                0x08000f98                DMA2_CH3_IRQHandler
                0x08000f98                DMA2_CH2_IRQHandler
                0x08000f98                I2C1_ER_IRQHandler
                0x08000f98                FMC_IRQHandler
                0x08000f98                DMA1_CH5_IRQHandler
                0x08000f98                DMA2_CH4_IRQHandler
                0x08000f98                USB_WKUP_IRQHandler
                0x08000f98                EXTI2_TSC_IRQHandler
                0x08000f98                TIM1_BRK_TIM15_IRQHandler
 *fill*         0x08000f9a        0x2 
 .text.__libc_init_array
                0x08000f9c       0x48 C:/ST/STM32CubeIDE_1.17.0/STM32CubeIDE/plugins/com.st.stm32cube.ide.mcu.externaltools.gnu-tools-for-stm32.12.3.rel1.win32_1.1.0.202410251130/tools/bin/../lib/gcc/arm-none-eabi/12.3.1/../../../../arm-none-eabi/lib/thumb/v7e-m+fp/hard\libc_nano.a(libc_a-init.o)
                0x08000f9c                __libc_init_array
 *(.glue_7)
 .glue_7        0x08000fe4        0x0 linker stubs
 *(.glue_7t)
 .glue_7t       0x08000fe4        0x0 linker stubs
 *(.eh_frame)
 .eh_frame      0x08000fe4        0x0 C:/ST/STM32CubeIDE_1.17.0/STM32CubeIDE/plugins/com.st.stm32cube.ide.mcu.externaltools.gnu-tools-for-stm32.12.3.rel1.win32_1.1.0.202410251130/tools/bin/../lib/gcc/arm-none-eabi/12.3.1/thumb/v7e-m+fp/hard/crtbegin.o
 *(.init)
 .init          0x08000fe4        0x4 C:/ST/STM32CubeIDE_1.17.0/STM32CubeIDE/plugins/com.st.stm32cube.ide.mcu.externaltools.gnu-tools-for-stm32.12.3.rel1.win32_1.1.0.202410251130/tools/bin/../lib/gcc/arm-none-eabi/12.3.1/thumb/v7e-m+fp/hard/crti.o
                0x08000fe4                _init
 .init          0x08000fe8        0x8 C:/ST/STM32CubeIDE_1.17.0/STM32CubeIDE/plugins/com.st.stm32cube.ide.mcu.externaltools.gnu-tools-for-stm32.12.3.rel1.win32_1.1.0.202410251130/tools/bin/../lib/gcc/arm-none-eabi/12.3.1/thumb/v7e-m+fp/hard/crtn.o
 *(.fini)
 .fini          0x08000ff0        0x4 C:/ST/STM32CubeIDE_1.17.0/STM32CubeIDE/plugins/com.st.stm32cube.ide.mcu.externaltools.gnu-tools-for-stm32.12.3.rel1.win32_1.1.0.202410251130/tools/bin/../lib/gcc/arm-none-eabi/12.3.1/thumb/v7e-m+fp/hard/crti.o
                0x08000ff0                _fini
 .fini          0x08000ff4        0x8 C:/ST/STM32CubeIDE_1.17.0/STM32CubeIDE/plugins/com.st.stm32cube.ide.mcu.externaltools.gnu-tools-for-stm32.12.3.rel1.win32_1.1.0.202410251130/tools/bin/../lib/gcc/arm-none-eabi/12.3.1/thumb/v7e-m+fp/hard/crtn.o
                0x08000ffc                        . = ALIGN (0x4)
                0x08000ffc                        _etext = .

.vfp11_veneer   0x08000ffc        0x0
 .vfp11_veneer  0x08000ffc        0x0 linker stubs

.v4_bx          0x08000ffc        0x0
 .v4_bx         0x08000ffc        0x0 linker stubs

.iplt           0x08000ffc        0x0
 .iplt          0x08000ffc        0x0 C:/ST/STM32CubeIDE_1.17.0/STM32CubeIDE/plugins/com.st.stm32cube.ide.mcu.externaltools.gnu-tools-for-stm32.12.3.rel1.win32_1.1.0.202410251130/tools/bin/../lib/gcc/arm-none-eabi/12.3.1/thumb/v7e-m+fp/hard/crtbegin.o

.rodata         0x08000ffc       0xf0
                0x08000ffc                        . = ALIGN (0x4)
 *(.rodata)
 .rodata        0x08000ffc       0x17 ./Src/main.o
 *fill*         0x08001013        0x1 
 .rodata        0x08001014        0xf ./Src/serial.o
 *(.rodata*)
 *fill*         0x08001023        0x1 
 .rodata.delay_table
                0x08001024       0xc8 ./Src/stepper_timer.o
                0x08001024                delay_table
                0x080010ec                        . = ALIGN (0x4)

.ARM.extab      0x080010ec        0x0
                0x080010ec                        . = ALIGN (0x4)
 *(.ARM.extab* .gnu.linkonce.armextab.*)
                0x080010ec                        . = ALIGN (0x4)

.ARM            0x080010ec        0x0
                0x080010ec                        . = ALIGN (0x4)
                0x080010ec                        __exidx_start = .
 *(.ARM.exidx*)
                0x080010ec                        __exidx_end = .
                0x080010ec                        . = ALIGN (0x4)

.preinit_array  0x080010ec        0x0
                0x080010ec                        . = ALIGN (0x4)
                0x080010ec                        PROVIDE (__preinit_array_start = .)
 *(.preinit_array*)
                0x080010ec                        PROVIDE (__preinit_array_end = .)
                0x080010ec                        . = ALIGN (0x4)

.init_array     0x080010ec        0x4
                0x080010ec                        . = ALIGN (0x4)
                0x080010ec                        PROVIDE (__init_array_start = .)
 *(SORT_BY_NAME(.init_array.*))
 *(.init_array*)
 .init_array    0x080010ec        0x4 C:/ST/STM32CubeIDE_1.17.0/STM32CubeIDE/plugins/com.st.stm32cube.ide.mcu.externaltools.gnu-tools-for-stm32.12.3.rel1.win32_1.1.0.202410251130/tools/bin/../lib/gcc/arm-none-eabi/12.3.1/thumb/v7e-m+fp/hard/crtbegin.o
                0x080010f0                        PROVIDE (__init_array_end = .)
                0x080010f0                        . = ALIGN (0x4)

.fini_array     0x080010f0        0x4
                0x080010f0                        . = ALIGN (0x4)
                [!provide]                        PROVIDE (__fini_array_start = .)
 *(SORT_BY_NAME(.fini_array.*))
 *(.fini_array*)
 .fini_array    0x080010f0        0x4 C:/ST/STM32CubeIDE_1.17.0/STM32CubeIDE/plugins/com.st.stm32cube.ide.mcu.externaltools.gnu-tools-for-stm32.12.3.rel1.win32_1.1.0.202410251130/tools/bin/../lib/gcc/arm-none-eabi/12.3.1/thumb/v7e-m+fp/hard/crtbegin.o
                [!provide]                        PROVIDE (__fini_array_end = .)
                0x080010f4                        . = ALIGN (0x4)
                0x080010f4                        _sidata = LOADADDR (.data)

.rel.dyn        0x080010f4        0x0
 .rel.iplt      0x080010f4        0x0 C:/ST/STM32CubeIDE_1.17.0/STM32CubeIDE/plugins/com.st.stm32cube.ide.mcu.externaltools.gnu-tools-for-stm32.12.3.rel1.win32_1.1.0.202410251130/tools/bin/../lib/gcc/arm-none-eabi/12.3.1/thumb/v7e-m+fp/hard/crtbegin.o

.data           0x20000000      0x158 load address 0x080010f4
                0x20000000                        . = ALIGN (0x4)
                0x20000000                        _sdata = .
 *(.data)
 *(.data*)
 .data.USART1_PORT
                0x20000000       0xac ./Src/serial.o
                0x20000000                USART1_PORT
 .data.USART2_PORT
                0x200000ac       0xac ./Src/serial.o
                0x200000ac                USART2_PORT
 *(.RamFunc)
 *(.RamFunc*)
                0x20000158                        . = ALIGN (0x4)
                0x20000158                        _edata = .
                0x0800124c                        _siccmram = LOADADDR (.ccmram)

.igot.plt       0x20000158        0x0 load address 0x0800124c
 .igot.plt      0x20000158        0x0 C:/ST/STM32CubeIDE_1.17.0/STM32CubeIDE/plugins/com.st.stm32cube.ide.mcu.externaltools.gnu-tools-for-stm32.12.3.rel1.win32_1.1.0.202410251130/tools/bin/../lib/gcc/arm-none-eabi/12.3.1/thumb/v7e-m+fp/hard/crtbegin.o

.ccmram         0x10000000        0x0 load address 0x0800124c
                0x10000000                        . = ALIGN (0x4)
                0x10000000                        _sccmram = .
 *(.ccmram)
 *(.ccmram*)
                0x10000000                        . = ALIGN (0x4)
                0x10000000                        _eccmram = .
                0x10000000                        . = ALIGN (0x4)

.bss            0x20000158       0x60
                0x20000158                        _sbss = .
                0x20000158                        __bss_start__ = _sbss
 *(.bss)
 .bss           0x20000158       0x1c C:/ST/STM32CubeIDE_1.17.0/STM32CubeIDE/plugins/com.st.stm32cube.ide.mcu.externaltools.gnu-tools-for-stm32.12.3.rel1.win32_1.1.0.202410251130/tools/bin/../lib/gcc/arm-none-eabi/12.3.1/thumb/v7e-m+fp/hard/crtbegin.o
 *(.bss*)
 .bss.rx_packet
                0x20000174        0x8 ./Src/serial.o
                0x20000174                rx_packet
 .bss.rx_index  0x2000017c        0x1 ./Src/serial.o
                0x2000017c                rx_index
 *fill*         0x2000017d        0x3 
 .bss.corexy    0x20000180       0x28 ./Src/stepper_timer.o
                0x20000180                corexy
 .bss.axis2     0x200001a8       0x10 ./Src/stepper_timer.o
                0x200001a8                axis2
 *(COMMON)
                0x200001b8                        . = ALIGN (0x4)
                0x200001b8                        _ebss = .
                0x200001b8                        __bss_end__ = _ebss

._user_heap_stack
                0x200001b8      0x600
                0x200001b8                        . = ALIGN (0x8)
                [!provide]                        PROVIDE (end = .)
                0x200001b8                        PROVIDE (_end = .)
                0x200003b8                        . = (. + _Min_Heap_Size)
 *fill*         0x200001b8      0x200 
                0x200007b8                        . = (. + _Min_Stack_Size)
 *fill*         0x200003b8      0x400 
                0x200007b8                        . = ALIGN (0x8)

/DISCARD/
 libc.a(*)
 libm.a(*)
 libgcc.a(*)

.ARM.attributes
                0x00000000       0x30
 *(.ARM.attributes)
 .ARM.attributes
                0x00000000       0x22 C:/ST/STM32CubeIDE_1.17.0/STM32CubeIDE/plugins/com.st.stm32cube.ide.mcu.externaltools.gnu-tools-for-stm32.12.3.rel1.win32_1.1.0.202410251130/tools/bin/../lib/gcc/arm-none-eabi/12.3.1/thumb/v7e-m+fp/hard/crti.o
 .ARM.attributes
                0x00000022       0x34 C:/ST/STM32CubeIDE_1.17.0/STM32CubeIDE/plugins/com.st.stm32cube.ide.mcu.externaltools.gnu-tools-for-stm32.12.3.rel1.win32_1.1.0.202410251130/tools/bin/../lib/gcc/arm-none-eabi/12.3.1/thumb/v7e-m+fp/hard/crtbegin.o
 .ARM.attributes
                0x00000056       0x34 ./Src/main.o
 .ARM.attributes
                0x0000008a       0x34 ./Src/serial.o
 .ARM.attributes
                0x000000be       0x34 ./Src/servo.o
 .ARM.attributes
                0x000000f2       0x34 ./Src/stepper_timer.o
 .ARM.attributes
                0x00000126       0x21 ./Startup/startup_stm32f303vctx.o
 .ARM.attributes
                0x00000147       0x34 C:/ST/STM32CubeIDE_1.17.0/STM32CubeIDE/plugins/com.st.stm32cube.ide.mcu.externaltools.gnu-tools-for-stm32.12.3.rel1.win32_1.1.0.202410251130/tools/bin/../lib/gcc/arm-none-eabi/12.3.1/../../../../arm-none-eabi/lib/thumb/v7e-m+fp/hard\libc_nano.a(libc_a-init.o)
 .ARM.attributes
                0x0000017b       0x22 C:/ST/STM32CubeIDE_1.17.0/STM32CubeIDE/plugins/com.st.stm32cube.ide.mcu.externaltools.gnu-tools-for-stm32.12.3.rel1.win32_1.1.0.202410251130/tools/bin/../lib/gcc/arm-none-eabi/12.3.1/thumb/v7e-m+fp/hard/crtn.o
OUTPUT(Stepper Control V8.elf elf32-littlearm)
LOAD linker stubs
LOAD C:/ST/STM32CubeIDE_1.17.0/STM32CubeIDE/plugins/com.st.stm32cube.ide.mcu.externaltools.gnu-tools-for-stm32.12.3.rel1.win32_1.1.0.202410251130/tools/bin/../lib/gcc/arm-none-eabi/12.3.1/../../../../arm-none-eabi/lib/thumb/v7e-m+fp/hard\libc.a
LOAD C:/ST/STM32CubeIDE_1.17.0/STM32CubeIDE/plugins/com.st.stm32cube.ide.mcu.externaltools.gnu-tools-for-stm32.12.3.rel1.win32_1.1.0.202410251130/tools/bin/../lib/gcc/arm-none-eabi/12.3.1/../../../../arm-none-eabi/lib/thumb/v7e-m+fp/hard\libm.a
LOAD C:/ST/STM32CubeIDE_1.17.0/STM32CubeIDE/plugins/com.st.stm32cube.ide.mcu.externaltools.gnu-tools-for-stm32.12.3.rel1.win32_1.1.0.202410251130/tools/bin/../lib/gcc/arm-none-eabi/12.3.1/thumb/v7e-m+fp/hard\libgcc.a

.debug_info     0x00000000     0x222b
 .debug_info    0x00000000      0x5db ./Src/main.o
 .debug_info    0x000005db      0xca6 ./Src/serial.o
 .debug_info    0x00001281      0x381 ./Src/servo.o
 .debug_info    0x00001602      0xbf9 ./Src/stepper_timer.o
 .debug_info    0x000021fb       0x30 ./Startup/startup_stm32f303vctx.o

.debug_abbrev   0x00000000      0x79c
 .debug_abbrev  0x00000000      0x17a ./Src/main.o
 .debug_abbrev  0x0000017a      0x2d3 ./Src/serial.o
 .debug_abbrev  0x0000044d       0xe2 ./Src/servo.o
 .debug_abbrev  0x0000052f      0x249 ./Src/stepper_timer.o
 .debug_abbrev  0x00000778       0x24 ./Startup/startup_stm32f303vctx.o

.debug_aranges  0x00000000      0x178
 .debug_aranges
                0x00000000       0x28 ./Src/main.o
 .debug_aranges
                0x00000028       0x78 ./Src/serial.o
 .debug_aranges
                0x000000a0       0x38 ./Src/servo.o
 .debug_aranges
                0x000000d8       0x78 ./Src/stepper_timer.o
 .debug_aranges
                0x00000150       0x28 ./Startup/startup_stm32f303vctx.o

.debug_rnglists
                0x00000000      0x120
 .debug_rnglists
                0x00000000       0x19 ./Src/main.o
 .debug_rnglists
                0x00000019       0x6a ./Src/serial.o
 .debug_rnglists
                0x00000083       0x26 ./Src/servo.o
 .debug_rnglists
                0x000000a9       0x5e ./Src/stepper_timer.o
 .debug_rnglists
                0x00000107       0x19 ./Startup/startup_stm32f303vctx.o

.debug_macro    0x00000000      0x977
 .debug_macro   0x00000000      0x209 ./Src/main.o
 .debug_macro   0x00000209      0x101 ./Src/serial.o
 .debug_macro   0x0000030a       0xf3 ./Src/servo.o
 .debug_macro   0x000003fd      0x21e ./Src/stepper_timer.o
 .debug_macro   0x0000061b      0x189 ./Src/stepper_timer.o
 .debug_macro   0x000007a4      0x19b ./Src/stepper_timer.o
 .debug_macro   0x0000093f       0x1c ./Src/stepper_timer.o
 .debug_macro   0x0000095b       0x1c ./Src/stepper_timer.o

.debug_line     0x00000000     0x2196
 .debug_line    0x00000000      0x6e6 ./Src/main.o
 .debug_line    0x000006e6      0x8b3 ./Src/serial.o
 .debug_line    0x00000f99      0x5a5 ./Src/servo.o
 .debug_line    0x0000153e      0xbdd ./Src/stepper_timer.o
 .debug_line    0x0000211b       0x7b ./Startup/startup_stm32f303vctx.o

.debug_str      0x00000000    0x7719a
 .debug_str     0x00000000    0x76199 ./Src/main.o
                              0x763ab (size before relaxing)
 .debug_str     0x00076199      0x4f9 ./Src/serial.o
                              0x72bbd (size before relaxing)
 .debug_str     0x00076692      0x100 ./Src/servo.o
                              0x72416 (size before relaxing)
 .debug_str     0x00076792      0x9c9 ./Src/stepper_timer.o
                              0x7715a (size before relaxing)
 .debug_str     0x0007715b       0x3f ./Startup/startup_stm32f303vctx.o
                                 0x9f (size before relaxing)

.comment        0x00000000       0x43
 .comment       0x00000000       0x43 ./Src/main.o
                                 0x44 (size before relaxing)
 .comment       0x00000043       0x44 ./Src/serial.o
 .comment       0x00000043       0x44 ./Src/servo.o
 .comment       0x00000043       0x44 ./Src/stepper_timer.o

.debug_frame    0x00000000      0x480
 .debug_frame   0x00000000       0x50 ./Src/main.o
 .debug_frame   0x00000050      0x1c4 ./Src/serial.o
 .debug_frame   0x00000214       0x8c ./Src/servo.o
 .debug_frame   0x000002a0      0x1b4 ./Src/stepper_timer.o
 .debug_frame   0x00000454       0x2c C:/ST/STM32CubeIDE_1.17.0/STM32CubeIDE/plugins/com.st.stm32cube.ide.mcu.externaltools.gnu-tools-for-stm32.12.3.rel1.win32_1.1.0.202410251130/tools/bin/../lib/gcc/arm-none-eabi/12.3.1/../../../../arm-none-eabi/lib/thumb/v7e-m+fp/hard\libc_nano.a(libc_a-init.o)

.debug_line_str
                0x00000000       0x83
 .debug_line_str
                0x00000000       0x83 ./Startup/startup_stm32f303vctx.o
