Archive member included to satisfy reference by file (symbol)

/Applications/STM32CubeIDE.app/Contents/Eclipse/plugins/com.st.stm32cube.ide.mcu.externaltools.gnu-tools-for-stm32.13.3.rel1.macos64_1.0.0.202411102158/tools/bin/../lib/gcc/arm-none-eabi/13.3.1/../../../../arm-none-eabi/lib/thumb/v7e-m+fp/hard/libc_nano.a(libc_a-exit.o)
                              /Applications/STM32CubeIDE.app/Contents/Eclipse/plugins/com.st.stm32cube.ide.mcu.externaltools.gnu-tools-for-stm32.13.3.rel1.macos64_1.0.0.202411102158/tools/bin/../lib/gcc/arm-none-eabi/13.3.1/../../../../arm-none-eabi/lib/thumb/v7e-m+fp/hard/crt0.o (exit)
/Applications/STM32CubeIDE.app/Contents/Eclipse/plugins/com.st.stm32cube.ide.mcu.externaltools.gnu-tools-for-stm32.13.3.rel1.macos64_1.0.0.202411102158/tools/bin/../lib/gcc/arm-none-eabi/13.3.1/../../../../arm-none-eabi/lib/thumb/v7e-m+fp/hard/libc_nano.a(libc_a-sprintf.o)
                              ./Src/main.o (sprintf)
/Applications/STM32CubeIDE.app/Contents/Eclipse/plugins/com.st.stm32cube.ide.mcu.externaltools.gnu-tools-for-stm32.13.3.rel1.macos64_1.0.0.202411102158/tools/bin/../lib/gcc/arm-none-eabi/13.3.1/../../../../arm-none-eabi/lib/thumb/v7e-m+fp/hard/libc_nano.a(libc_a-findfp.o)
                              /Applications/STM32CubeIDE.app/Contents/Eclipse/plugins/com.st.stm32cube.ide.mcu.externaltools.gnu-tools-for-stm32.13.3.rel1.macos64_1.0.0.202411102158/tools/bin/../lib/gcc/arm-none-eabi/13.3.1/../../../../arm-none-eabi/lib/thumb/v7e-m+fp/hard/libc_nano.a(libc_a-exit.o) (__stdio_exit_handler)
/Applications/STM32CubeIDE.app/Contents/Eclipse/plugins/com.st.stm32cube.ide.mcu.externaltools.gnu-tools-for-stm32.13.3.rel1.macos64_1.0.0.202411102158/tools/bin/../lib/gcc/arm-none-eabi/13.3.1/../../../../arm-none-eabi/lib/thumb/v7e-m+fp/hard/libc_nano.a(libc_a-fwalk.o)
                              /Applications/STM32CubeIDE.app/Contents/Eclipse/plugins/com.st.stm32cube.ide.mcu.externaltools.gnu-tools-for-stm32.13.3.rel1.macos64_1.0.0.202411102158/tools/bin/../lib/gcc/arm-none-eabi/13.3.1/../../../../arm-none-eabi/lib/thumb/v7e-m+fp/hard/libc_nano.a(libc_a-findfp.o) (_fwalk_sglue)
/Applications/STM32CubeIDE.app/Contents/Eclipse/plugins/com.st.stm32cube.ide.mcu.externaltools.gnu-tools-for-stm32.13.3.rel1.macos64_1.0.0.202411102158/tools/bin/../lib/gcc/arm-none-eabi/13.3.1/../../../../arm-none-eabi/lib/thumb/v7e-m+fp/hard/libc_nano.a(libc_a-memset.o)
                              /Applications/STM32CubeIDE.app/Contents/Eclipse/plugins/com.st.stm32cube.ide.mcu.externaltools.gnu-tools-for-stm32.13.3.rel1.macos64_1.0.0.202411102158/tools/bin/../lib/gcc/arm-none-eabi/13.3.1/../../../../arm-none-eabi/lib/thumb/v7e-m+fp/hard/crt0.o (memset)
/Applications/STM32CubeIDE.app/Contents/Eclipse/plugins/com.st.stm32cube.ide.mcu.externaltools.gnu-tools-for-stm32.13.3.rel1.macos64_1.0.0.202411102158/tools/bin/../lib/gcc/arm-none-eabi/13.3.1/../../../../arm-none-eabi/lib/thumb/v7e-m+fp/hard/libc_nano.a(libc_a-errno.o)
                              ./Src/syscalls.o (__errno)
/Applications/STM32CubeIDE.app/Contents/Eclipse/plugins/com.st.stm32cube.ide.mcu.externaltools.gnu-tools-for-stm32.13.3.rel1.macos64_1.0.0.202411102158/tools/bin/../lib/gcc/arm-none-eabi/13.3.1/../../../../arm-none-eabi/lib/thumb/v7e-m+fp/hard/libc_nano.a(libc_a-init.o)
                              /Applications/STM32CubeIDE.app/Contents/Eclipse/plugins/com.st.stm32cube.ide.mcu.externaltools.gnu-tools-for-stm32.13.3.rel1.macos64_1.0.0.202411102158/tools/bin/../lib/gcc/arm-none-eabi/13.3.1/../../../../arm-none-eabi/lib/thumb/v7e-m+fp/hard/crt0.o (__libc_init_array)
/Applications/STM32CubeIDE.app/Contents/Eclipse/plugins/com.st.stm32cube.ide.mcu.externaltools.gnu-tools-for-stm32.13.3.rel1.macos64_1.0.0.202411102158/tools/bin/../lib/gcc/arm-none-eabi/13.3.1/../../../../arm-none-eabi/lib/thumb/v7e-m+fp/hard/libc_nano.a(libc_a-lock.o)
                              /Applications/STM32CubeIDE.app/Contents/Eclipse/plugins/com.st.stm32cube.ide.mcu.externaltools.gnu-tools-for-stm32.13.3.rel1.macos64_1.0.0.202411102158/tools/bin/../lib/gcc/arm-none-eabi/13.3.1/../../../../arm-none-eabi/lib/thumb/v7e-m+fp/hard/libc_nano.a(libc_a-findfp.o) (__retarget_lock_init_recursive)
/Applications/STM32CubeIDE.app/Contents/Eclipse/plugins/com.st.stm32cube.ide.mcu.externaltools.gnu-tools-for-stm32.13.3.rel1.macos64_1.0.0.202411102158/tools/bin/../lib/gcc/arm-none-eabi/13.3.1/../../../../arm-none-eabi/lib/thumb/v7e-m+fp/hard/libc_nano.a(libc_a-impure.o)
                              /Applications/STM32CubeIDE.app/Contents/Eclipse/plugins/com.st.stm32cube.ide.mcu.externaltools.gnu-tools-for-stm32.13.3.rel1.macos64_1.0.0.202411102158/tools/bin/../lib/gcc/arm-none-eabi/13.3.1/../../../../arm-none-eabi/lib/thumb/v7e-m+fp/hard/libc_nano.a(libc_a-sprintf.o) (_impure_ptr)
[...]
Memory Configuration

Name             Origin             Length             Attributes
CCMRAM           0x10000000         0x00002000         xrw
RAM              0x20000000         0x0000a000         xrw
FLASH            0x08000000         0x00040000         xr
*default*        0x00000000         0xffffffff

Linker script and memory map

LOAD /Applications/STM32CubeIDE.app/Contents/Eclipse/plugins/com.st.stm32cube.ide.mcu.externaltools.gnu-tools-for-stm32.13.3.rel1.macos64_1.0.0.202411102158/tools/bin/../lib/gcc/arm-none-eabi/13.3.1/thumb/v7e-m+fp/hard/crti.o
LOAD /Applications/STM32CubeIDE.app/Contents/Eclipse/plugins/com.st.stm32cube.ide.mcu.externaltools.gnu-tools-for-stm32.13.3.rel1.macos64_1.0.0.202411102158/tools/bin/../lib/gcc/arm-none-eabi/13.3.1/thumb/v7e-m+fp/hard/crtbegin.o
LOAD /Applications/STM32CubeIDE.app/Contents/Eclipse/plugins/com.st.stm32cube.ide.mcu.externaltools.gnu-tools-for-stm32.13.3.rel1.macos64_1.0.0.202411102158/tools/bin/../lib/gcc/arm-none-eabi/13.3.1/../../../../arm-none-eabi/lib/thumb/v7e-m+fp/hard/crt0.o
LOAD ./Src/main.o
LOAD ./Src/serial.o
LOAD ./Src/serial_interrupt.o
LOAD ./Src/syscalls.o
LOAD ./Src/sysmem.o
LOAD ./Startup/startup_stm32f303vctx.o
START GROUP
LOAD /Applications/STM32CubeIDE.app/Contents/Eclipse/plugins/com.st.stm32cube.ide.mcu.externaltools.gnu-tools-for-stm32.13.3.rel1.macos64_1.0.0.202411102158/tools/bin/../lib/gcc/arm-none-eabi/13.3.1/../../../../arm-none-eabi/lib/thumb/v7e-m+fp/hard/libc_nano.a
LOAD /Applications/STM32CubeIDE.app/Contents/Eclipse/plugins/com.st.stm32cube.ide.mcu.externaltools.gnu-tools-for-stm32.13.3.rel1.macos64_1.0.0.202411102158/tools/bin/../lib/gcc/arm-none-eabi/13.3.1/../../../../arm-none-eabi/lib/thumb/v7e-m+fp/hard/libm.a
END GROUP
START GROUP
LOAD /Applications/STM32CubeIDE.app/Contents/Eclipse/plugins/com.st.stm32cube.ide.mcu.externaltools.gnu-tools-for-stm32.13.3.rel1.macos64_1.0.0.202411102158/tools/bin/../lib/gcc/arm-none-eabi/13.3.1/thumb/v7e-m+fp/hard/libgcc.a
LOAD /Applications/STM32CubeIDE.app/Contents/Eclipse/plugins/com.st.stm32cube.ide.mcu.externaltools.gnu-tools-for-stm32.13.3.rel1.macos64_1.0.0.202411102158/tools/bin/../lib/gcc/arm-none-eabi/13.3.1/../../../../arm-none-eabi/lib/thumb/v7e-m+fp/hard/libc_nano.a
END GROUP
START GROUP
LOAD /Applications/STM32CubeIDE.app/Contents/Eclipse/plugins/com.st.stm32cube.ide.mcu.externaltools.gnu-tools-for-stm32.13.3.rel1.macos64_1.0.0.202411102158/tools/bin/../lib/gcc/arm-none-eabi/13.3.1/thumb/v7e-m+fp/hard/libgcc.a
LOAD /Applications/STM32CubeIDE.app/Contents/Eclipse/plugins/com.st.stm32cube.ide.mcu.externaltools.gnu-tools-for-stm32.13.3.rel1.macos64_1.0.0.202411102158/tools/bin/../lib/gcc/arm-none-eabi/13.3.1/../../../../arm-none-eabi/lib/thumb/v7e-m+fp/hard/libc_nano.a
LOAD /Applications/STM32CubeIDE.app/Contents/Eclipse/plugins/com.st.stm32cube.ide.mcu.externaltools.gnu-tools-for-stm32.13.3.rel1.macos64_1.0.0.202411102158/tools/bin/../lib/gcc/arm-none-eabi/13.3.1/../../../../arm-none-eabi/lib/thumb/v7e-m+fp/hard/libnosys.a
END GROUP
START GROUP
LOAD /Applications/STM32CubeIDE.app/Contents/Eclipse/plugins/com.st.stm32cube.ide.mcu.externaltools.gnu-tools-for-stm32.13.3.rel1.macos64_1.0.0.202411102158/tools/bin/../lib/gcc/arm-none-eabi/13.3.1/thumb/v7e-m+fp/hard/libgcc.a
LOAD /Applications/STM32CubeIDE.app/Contents/Eclipse/plugins/com.st.stm32cube.ide.mcu.externaltools.gnu-tools-for-stm32.13.3.rel1.macos64_1.0.0.202411102158/tools/bin/../lib/gcc/arm-none-eabi/13.3.1/../../../../arm-none-eabi/lib/thumb/v7e-m+fp/hard/libc_nano.a
LOAD /Applications/STM32CubeIDE.app/Contents/Eclipse/plugins/com.st.stm32cube.ide.mcu.externaltools.gnu-tools-for-stm32.13.3.rel1.macos64_1.0.0.202411102158/tools/bin/../lib/gcc/arm-none-eabi/13.3.1/../../../../arm-none-eabi/lib/thumb/v7e-m+fp/hard/libnosys.a
END GROUP
LOAD /Applications/STM32CubeIDE.app/Contents/Eclipse/plugins/com.st.stm32cube.ide.mcu.externaltools.gnu-tools-for-stm32.13.3.rel1.macos64_1.0.0.202411102158/tools/bin/../lib/gcc/arm-none-eabi/13.3.1/thumb/v7e-m+fp/hard/crtend.o
LOAD /Applications/STM32CubeIDE.app/Contents/Eclipse/plugins/com.st.stm32cube.ide.mcu.externaltools.gnu-tools-for-stm32.13.3.rel1.macos64_1.0.0.202411102158/tools/bin/../lib/gcc/arm-none-eabi/13.3.1/thumb/v7e-m+fp/hard/crtn.o
                0x2000a000                        _estack = (ORIGIN (RAM) + LENGTH (RAM))
                0x00000200                        _Min_Heap_Size = 0x200
                0x00000400                        _Min_Stack_Size = 0x400

.isr_vector     0x08000000      0x194
                0x08000000                        . = ALIGN (0x4)
 *(.isr_vector)
 .isr_vector    0x08000000      0x194 ./Startup/startup_stm32f303vctx.o
                0x08000000                g_pfnVectors
                0x08000194                        . = ALIGN (0x4)

.text           0x080001a0     0x11ec
                0x080001a0                        . = ALIGN (0x4)
 *(.text)
 .text          0x080001a0       0x40 /Applications/STM32CubeIDE.app/Contents/Eclipse/plugins/com.st.stm32cube.ide.mcu.externaltools.gnu-tools-for-stm32.13.3.rel1.macos64_1.0.0.202411102158/tools/bin/../lib/gcc/arm-none-eabi/13.3.1/thumb/v7e-m+fp/hard/crtbegin.o
 .text          0x080001e0       0xa0 /Applications/STM32CubeIDE.app/Contents/Eclipse/plugins/com.st.stm32cube.ide.mcu.externaltools.gnu-tools-for-stm32.13.3.rel1.macos64_1.0.0.202411102158/tools/bin/../lib/gcc/arm-none-eabi/13.3.1/../../../../arm-none-eabi/lib/thumb/v7e-m+fp/hard/libc_nano.a(libc_a-memchr.o)
                0x080001e0                memchr
 *(.text*)
 .text.delay    0x08000280       0x2a ./Src/main.o
                0x08000280                delay
 *fill*         0x080002aa        0x2 
 .text.usart2_loopback_callback
                0x080002ac       0x38 ./Src/main.o
                0x080002ac                usart2_loopback_callback
 .text.main     0x080002e4       0xbc ./Src/main.o
                0x080002e4                main
 .text.SerialInitialise
                0x080003a0      0x12c ./Src/serial.o
                0x080003a0                SerialInitialise
 .text.SerialOutputChar
                0x080004cc       0x78 ./Src/serial.o
                0x080004cc                SerialOutputChar
 .text.SerialSendString
                0x08000544       0x3a ./Src/serial.o
                0x08000544                SerialSendString
 *fill*         0x0800057e        0x2 
 .text.__NVIC_EnableIRQ
                0x08000580       0x3c ./Src/serial_interrupt.o
 .text.__NVIC_SetPriority
                0x080005bc       0x54 ./Src/serial_interrupt.o
 .text.EnableSerialInterrupts
                0x08000610       0x80 ./Src/serial_interrupt.o
                0x08000610                EnableSerialInterrupts
 .text.HandleUSARTInterrupt
                0x08000690      0x2bc ./Src/serial_interrupt.o
                0x08000690                HandleUSARTInterrupt
 .text.USART1_EXTI25_IRQHandler
                0x0800094c       0x14 ./Src/serial_interrupt.o
                0x0800094c                USART1_EXTI25_IRQHandler
 .text.USART2_EXTI26_IRQHandler
                0x08000960       0x14 ./Src/serial_interrupt.o
                0x08000960                USART2_EXTI26_IRQHandler
 .text._sbrk    0x08000974       0x6c ./Src/sysmem.o
                0x08000974                _sbrk
 .text.Reset_Handler
                0x080009e0       0x50 ./Startup/startup_stm32f303vctx.o
                0x080009e0                Reset_Handler
 .text.Default_Handler
                0x08000a30        0x2 ./Startup/startup_stm32f303vctx.o
                0x08000a30                TIM1_BRK_TIM15_IRQHandler
                0x08000a30                TIM8_CC_IRQHandler
                0x08000a30                DebugMon_Handler
                0x08000a30                DMA1_CH4_IRQHandler
                0x08000a30                SPI4_IRQHandler
                0x08000a30                TIM1_CC_IRQHandler
                0x08000a30                HardFault_Handler
                0x08000a30                USB_HP_IRQHandler
                0x08000a30                I2C2_EV_EXTI24_IRQHandler
                0x08000a30                SysTick_Handler
                0x08000a30                USB_WKUP_EXTI_IRQHandler
                0x08000a30                PVD_IRQHandler
                0x08000a30                UART4_EXTI34_IRQHandler
                0x08000a30                TAMP_STAMP_IRQHandler
                0x08000a30                PendSV_Handler
                0x08000a30                NMI_Handler
                0x08000a30                EXTI3_IRQHandler
                0x08000a30                I2C3_ER_IRQHandler
                0x08000a30                TIM6_DACUNDER_IRQHandler
                0x08000a30                USB_HP_CAN_TX_IRQHandler
                0x08000a30                EXTI0_IRQHandler
                0x08000a30                DMA2_CH1_IRQHandler
                0x08000a30                TIM1_UP_TIM16_IRQHandler
                0x08000a30                UsageFault_Handler
                0x08000a30                ADC1_2_IRQHandler
                0x08000a30                SPI1_IRQHandler
                0x08000a30                CAN_SCE_IRQHandler
                0x08000a30                DMA1_CH7_IRQHandler
                0x08000a30                TIM8_UP_IRQHandler
                0x08000a30                COMP456_IRQHandler
                0x08000a30                DMA1_CH6_IRQHandler
                0x08000a30                TIM20_TRG_COM_IRQHandler
                0x08000a30                ADC3_IRQHandler
                0x08000a30                TIM4_IRQHandler
                0x08000a30                CAN_RX1_IRQHandler
                0x08000a30                DMA2_CH5_IRQHandler
                0x08000a30                I2C1_EV_EXTI23_IRQHandler
                0x08000a30                DMA1_CH3_IRQHandler
                0x08000a30                TIM3_IRQHandler
                0x08000a30                RCC_IRQHandler
                0x08000a30                TIM20_UP_IRQHandler
                0x08000a30                Default_Handler
                0x08000a30                EXTI15_10_IRQHandler
                0x08000a30                USART3_EXTI28_IRQHandler
                0x08000a30                TIM7_IRQHandler
                0x08000a30                I2C3_EV_IRQHandler
                0x08000a30                EXTI9_5_IRQHandler
                0x08000a30                DMA1_CH2_IRQHandler
                0x08000a30                RTC_WKUP_IRQHandler
                0x08000a30                SPI2_IRQHandler
                0x08000a30                DMA1_CH1_IRQHandler
                0x08000a30                USB_LP_CAN_RX0_IRQHandler
                0x08000a30                MemManage_Handler
                0x08000a30                COMP123_IRQHandler
                0x08000a30                SVC_Handler
                0x08000a30                USB_LP_IRQHandler
                0x08000a30                EXTI4_IRQHandler
                0x08000a30                TIM1_TRG_COM_TIM17_IRQHandler
                0x08000a30                ADC4_IRQHandler
                0x08000a30                WWDG_IRQHandler
                0x08000a30                TIM2_IRQHandler
                0x08000a30                COMP7_IRQHandler
                0x08000a30                EXTI1_IRQHandler
                0x08000a30                RTCAlarm_IRQHandler
                0x08000a30                UART5_EXTI35_IRQHandler
                0x08000a30                TIM20_BRK_IRQHandler
                0x08000a30                I2C2_ER_IRQHandler
                0x08000a30                TIM8_BRK_IRQHandler
                0x08000a30                FLASH_IRQHandler
                0x08000a30                TIM20_CC_IRQHandler
                0x08000a30                BusFault_Handler
                0x08000a30                SPI3_IRQHandler
                0x08000a30                DMA2_CH3_IRQHandler
                0x08000a30                DMA2_CH2_IRQHandler
                0x08000a30                I2C1_ER_IRQHandler
                0x08000a30                FMC_IRQHandler
                0x08000a30                DMA1_CH5_IRQHandler
                0x08000a30                DMA2_CH4_IRQHandler
                0x08000a30                USB_WKUP_IRQHandler
                0x08000a30                EXTI2_TSC_IRQHandler
                0x08000a30                TIM8_TRG_COM_IRQHandler
 *fill*         0x08000a32        0x2 
 .text.sprintf  0x08000a34       0x44 /Applications/STM32CubeIDE.app/Contents/Eclipse/plugins/com.st.stm32cube.ide.mcu.externaltools.gnu-tools-for-stm32.13.3.rel1.macos64_1.0.0.202411102158/tools/bin/../lib/gcc/arm-none-eabi/13.3.1/../../../../arm-none-eabi/lib/thumb/v7e-m+fp/hard/libc_nano.a(libc_a-sprintf.o)
                0x08000a34                sprintf
                0x08000a34                siprintf
 .text.memset   0x08000a78       0x10 /Applications/STM32CubeIDE.app/Contents/Eclipse/plugins/com.st.stm32cube.ide.mcu.externaltools.gnu-tools-for-stm32.13.3.rel1.macos64_1.0.0.202411102158/tools/bin/../lib/gcc/arm-none-eabi/13.3.1/../../../../arm-none-eabi/lib/thumb/v7e-m+fp/hard/libc_nano.a(libc_a-memset.o)
                0x08000a78                memset
 .text.__errno  0x08000a88        0xc /Applications/STM32CubeIDE.app/Contents/Eclipse/plugins/com.st.stm32cube.ide.mcu.externaltools.gnu-tools-for-stm32.13.3.rel1.macos64_1.0.0.202411102158/tools/bin/../lib/gcc/arm-none-eabi/13.3.1/../../../../arm-none-eabi/lib/thumb/v7e-m+fp/hard/libc_nano.a(libc_a-errno.o)
                0x08000a88                __errno
 .text.__libc_init_array
                0x08000a94       0x48 /Applications/STM32CubeIDE.app/Contents/Eclipse/plugins/com.st.stm32cube.ide.mcu.externaltools.gnu-tools-for-stm32.13.3.rel1.macos64_1.0.0.202411102158/tools/bin/../lib/gcc/arm-none-eabi/13.3.1/../../../../arm-none-eabi/lib/thumb/v7e-m+fp/hard/libc_nano.a(libc_a-init.o)
                0x08000a94                __libc_init_array
 .text.__retarget_lock_acquire_recursive
                0x08000adc        0x2 /Applications/STM32CubeIDE.app/Contents/Eclipse/plugins/com.st.stm32cube.ide.mcu.externaltools.gnu-tools-for-stm32.13.3.rel1.macos64_1.0.0.202411102158/tools/bin/../lib/gcc/arm-none-eabi/13.3.1/../../../../arm-none-eabi/lib/thumb/v7e-m+fp/hard/libc_nano.a(libc_a-lock.o)
                0x08000adc                __retarget_lock_acquire_recursive
 .text.__retarget_lock_release_recursive
                0x08000ade        0x2 /Applications/STM32CubeIDE.app/Contents/Eclipse/plugins/com.st.stm32cube.ide.mcu.externaltools.gnu-tools-for-stm32.13.3.rel1.macos64_1.0.0.202411102158/tools/bin/../lib/gcc/arm-none-eabi/13.3.1/../../../../arm-none-eabi/lib/thumb/v7e-m+fp/hard/libc_nano.a(libc_a-lock.o)
                0x08000ade                __retarget_lock_release_recursive
 .text.__ssputs_r
                0x08000ae0       0xb6 /Applications/STM32CubeIDE.app/Contents/Eclipse/plugins/com.st.stm32cube.ide.mcu.externaltools.gnu-tools-for-stm32.13.3.rel1.macos64_1.0.0.202411102158/tools/bin/../lib/gcc/arm-none-eabi/13.3.1/../../../../arm-none-eabi/lib/thumb/v7e-m+fp/hard/libc_nano.a(libc_a-nano-svfprintf.o)
                0x08000ae0                __ssputs_r
 *fill*         0x08000b96        0x2 
 .text._svfprintf_r
                0x08000b98      0x1f8 /Applications/STM32CubeIDE.app/Contents/Eclipse/plugins/com.st.stm32cube.ide.mcu.externaltools.gnu-tools-for-stm32.13.3.rel1.macos64_1.0.0.202411102158/tools/bin/../lib/gcc/arm-none-eabi/13.3.1/../../../../arm-none-eabi/lib/thumb/v7e-m+fp/hard/libc_nano.a(libc_a-nano-svfprintf.o)
                0x08000b98                _svfprintf_r
                0x08000b98                _svfiprintf_r
 .text.sbrk_aligned
                0x08000d90       0x44 /Applications/STM32CubeIDE.app/Contents/Eclipse/plugins/com.st.stm32cube.ide.mcu.externaltools.gnu-tools-for-stm32.13.3.rel1.macos64_1.0.0.202411102158/tools/bin/../lib/gcc/arm-none-eabi/13.3.1/../../../../arm-none-eabi/lib/thumb/v7e-m+fp/hard/libc_nano.a(libc_a-mallocr.o)
 .text._malloc_r
                0x08000dd4      0x100 /Applications/STM32CubeIDE.app/Contents/Eclipse/plugins/com.st.stm32cube.ide.mcu.externaltools.gnu-tools-for-stm32.13.3.rel1.macos64_1.0.0.202411102158/tools/bin/../lib/gcc/arm-none-eabi/13.3.1/../../../../arm-none-eabi/lib/thumb/v7e-m+fp/hard/libc_nano.a(libc_a-mallocr.o)
                0x08000dd4                _malloc_r
 .text._printf_common
                0x08000ed4       0xda /Applications/STM32CubeIDE.app/Contents/Eclipse/plugins/com.st.stm32cube.ide.mcu.externaltools.gnu-tools-for-stm32.13.3.rel1.macos64_1.0.0.202411102158/tools/bin/../lib/gcc/arm-none-eabi/13.3.1/../../../../arm-none-eabi/lib/thumb/v7e-m+fp/hard/libc_nano.a(libc_a-nano-vfprintf_i.o)
                0x08000ed4                _printf_common
 *fill*         0x08000fae        0x2 
 .text._printf_i
                0x08000fb0      0x23c /Applications/STM32CubeIDE.app/Contents/Eclipse/plugins/com.st.stm32cube.ide.mcu.externaltools.gnu-tools-for-stm32.13.3.rel1.macos64_1.0.0.202411102158/tools/bin/../lib/gcc/arm-none-eabi/13.3.1/../../../../arm-none-eabi/lib/thumb/v7e-m+fp/hard/libc_nano.a(libc_a-nano-vfprintf_i.o)
                0x08000fb0                _printf_i
 .text.__malloc_lock
                0x080011ec        0xc /Applications/STM32CubeIDE.app/Contents/Eclipse/plugins/com.st.stm32cube.ide.mcu.externaltools.gnu-tools-for-stm32.13.3.rel1.macos64_1.0.0.202411102158/tools/bin/../lib/gcc/arm-none-eabi/13.3.1/../../../../arm-none-eabi/lib/thumb/v7e-m+fp/hard/libc_nano.a(libc_a-mlock.o)
                0x080011ec                __malloc_lock
 .text.__malloc_unlock
                0x080011f8        0xc /Applications/STM32CubeIDE.app/Contents/Eclipse/plugins/com.st.stm32cube.ide.mcu.externaltools.gnu-tools-for-stm32.13.3.rel1.macos64_1.0.0.202411102158/tools/bin/../lib/gcc/arm-none-eabi/13.3.1/../../../../arm-none-eabi/lib/thumb/v7e-m+fp/hard/libc_nano.a(libc_a-mlock.o)
                0x080011f8                __malloc_unlock
 .text._realloc_r
                0x08001204       0x5c /Applications/STM32CubeIDE.app/Contents/Eclipse/plugins/com.st.stm32cube.ide.mcu.externaltools.gnu-tools-for-stm32.13.3.rel1.macos64_1.0.0.202411102158/tools/bin/../lib/gcc/arm-none-eabi/13.3.1/../../../../arm-none-eabi/lib/thumb/v7e-m+fp/hard/libc_nano.a(libc_a-reallocr.o)
                0x08001204                _realloc_r
 .text.memmove  0x08001260       0x34 /Applications/STM32CubeIDE.app/Contents/Eclipse/plugins/com.st.stm32cube.ide.mcu.externaltools.gnu-tools-for-stm32.13.3.rel1.macos64_1.0.0.202411102158/tools/bin/../lib/gcc/arm-none-eabi/13.3.1/../../../../arm-none-eabi/lib/thumb/v7e-m+fp/hard/libc_nano.a(libc_a-memmove.o)
                0x08001260                memmove
 .text._sbrk_r  0x08001294       0x20 /Applications/STM32CubeIDE.app/Contents/Eclipse/plugins/com.st.stm32cube.ide.mcu.externaltools.gnu-tools-for-stm32.13.3.rel1.macos64_1.0.0.202411102158/tools/bin/../lib/gcc/arm-none-eabi/13.3.1/../../../../arm-none-eabi/lib/thumb/v7e-m+fp/hard/libc_nano.a(libc_a-sbrkr.o)
                0x08001294                _sbrk_r
 .text.memcpy   0x080012b4       0x1c /Applications/STM32CubeIDE.app/Contents/Eclipse/plugins/com.st.stm32cube.ide.mcu.externaltools.gnu-tools-for-stm32.13.3.rel1.macos64_1.0.0.202411102158/tools/bin/../lib/gcc/arm-none-eabi/13.3.1/../../../../arm-none-eabi/lib/thumb/v7e-m+fp/hard/libc_nano.a(libc_a-memcpy-stub.o)
                0x080012b4                memcpy
 .text._free_r  0x080012d0       0x94 /Applications/STM32CubeIDE.app/Contents/Eclipse/plugins/com.st.stm32cube.ide.mcu.externaltools.gnu-tools-for-stm32.13.3.rel1.macos64_1.0.0.202411102158/tools/bin/../lib/gcc/arm-none-eabi/13.3.1/../../../../arm-none-eabi/lib/thumb/v7e-m+fp/hard/libc_nano.a(libc_a-freer.o)
                0x080012d0                _free_r
 .text._malloc_usable_size_r
                0x08001364       0x10 /Applications/STM32CubeIDE.app/Contents/Eclipse/plugins/com.st.stm32cube.ide.mcu.externaltools.gnu-tools-for-stm32.13.3.rel1.macos64_1.0.0.202411102158/tools/bin/../lib/gcc/arm-none-eabi/13.3.1/../../../../arm-none-eabi/lib/thumb/v7e-m+fp/hard/libc_nano.a(libc_a-msizer.o)
                0x08001364                _malloc_usable_size_r
 *(.glue_7)
 .glue_7        0x08001374        0x0 linker stubs
 *(.glue_7t)
 .glue_7t       0x08001374        0x0 linker stubs
 *(.eh_frame)
 .eh_frame      0x08001374        0x0 /Applications/STM32CubeIDE.app/Contents/Eclipse/plugins/com.st.stm32cube.ide.mcu.externaltools.gnu-tools-for-stm32.13.3.rel1.macos64_1.0.0.202411102158/tools/bin/../lib/gcc/arm-none-eabi/13.3.1/thumb/v7e-m+fp/hard/crtbegin.o
 *(.init)
 .init          0x08001374        0x4 /Applications/STM32CubeIDE.app/Contents/Eclipse/plugins/com.st.stm32cube.ide.mcu.externaltools.gnu-tools-for-stm32.13.3.rel1.macos64_1.0.0.202411102158/tools/bin/../lib/gcc/arm-none-eabi/13.3.1/thumb/v7e-m+fp/hard/crti.o
                0x08001374                _init
 .init          0x08001378        0x8 /Applications/STM32CubeIDE.app/Contents/Eclipse/plugins/com.st.stm32cube.ide.mcu.externaltools.gnu-tools-for-stm32.13.3.rel1.macos64_1.0.0.202411102158/tools/bin/../lib/gcc/arm-none-eabi/13.3.1/thumb/v7e-m+fp/hard/crtn.o
 *(.fini)
 .fini          0x08001380        0x4 /Applications/STM32CubeIDE.app/Contents/Eclipse/plugins/com.st.stm32cube.ide.mcu.externaltools.gnu-tools-for-stm32.13.3.rel1.macos64_1.0.0.202411102158/tools/bin/../lib/gcc/arm-none-eabi/13.3.1/thumb/v7e-m+fp/hard/crti.o
                0x08001380                _fini
 .fini          0x08001384        0x8 /Applications/STM32CubeIDE.app/Contents/Eclipse/plugins/com.st.stm32cube.ide.mcu.externaltools.gnu-tools-for-stm32.13.3.rel1.macos64_1.0.0.202411102158/tools/bin/../lib/gcc/arm-none-eabi/13.3.1/thumb/v7e-m+fp/hard/crtn.o
                0x0800138c                        . = ALIGN (0x4)
                0x0800138c                        _etext = .

.vfp11_veneer   0x0800138c        0x0
 .vfp11_veneer  0x0800138c        0x0 linker stubs

.v4_bx          0x0800138c        0x0
 .v4_bx         0x0800138c        0x0 linker stubs

.iplt           0x0800138c        0x0
 .iplt          0x0800138c        0x0 /Applications/STM32CubeIDE.app/Contents/Eclipse/plugins/com.st.stm32cube.ide.mcu.externaltools.gnu-tools-for-stm32.13.3.rel1.macos64_1.0.0.202411102158/tools/bin/../lib/gcc/arm-none-eabi/13.3.1/thumb/v7e-m+fp/hard/crtbegin.o

.rodata         0x0800138c      0x154
                0x0800138c                        . = ALIGN (0x4)
 *(.rodata)
 .rodata        0x0800138c      0x106 ./Src/main.o
 *fill*         0x08001492        0x2 
 .rodata        0x08001494       0x17 ./Src/serial_interrupt.o
 *(.rodata*)
 .rodata._svfprintf_r.str1.1
                0x080014ab       0x33 /Applications/STM32CubeIDE.app/Contents/Eclipse/plugins/com.st.stm32cube.ide.mcu.externaltools.gnu-tools-for-stm32.13.3.rel1.macos64_1.0.0.202411102158/tools/bin/../lib/gcc/arm-none-eabi/13.3.1/../../../../arm-none-eabi/lib/thumb/v7e-m+fp/hard/libc_nano.a(libc_a-nano-svfprintf.o)
                                 0x11 (size before relaxing)
 .rodata._printf_i.str1.1
                0x080014de       0x22 /Applications/STM32CubeIDE.app/Contents/Eclipse/plugins/com.st.stm32cube.ide.mcu.externaltools.gnu-tools-for-stm32.13.3.rel1.macos64_1.0.0.202411102158/tools/bin/../lib/gcc/arm-none-eabi/13.3.1/../../../../arm-none-eabi/lib/thumb/v7e-m+fp/hard/libc_nano.a(libc_a-nano-vfprintf_i.o)
                0x08001500                        . = ALIGN (0x4)
 *fill*         0x080014de        0x2 

.ARM.extab      0x080014e0        0x0
                0x080014e0                        . = ALIGN (0x4)
 *(.ARM.extab* .gnu.linkonce.armextab.*)
                0x080014e0                        . = ALIGN (0x4)

.ARM            0x080014e0        0x8
                0x080014e0                        . = ALIGN (0x4)
                0x080014e0                        __exidx_start = .
 *(.ARM.exidx*)
 .ARM.exidx     0x080014e0        0x8 /Applications/STM32CubeIDE.app/Contents/Eclipse/plugins/com.st.stm32cube.ide.mcu.externaltools.gnu-tools-for-stm32.13.3.rel1.macos64_1.0.0.202411102158/tools/bin/../lib/gcc/arm-none-eabi/13.3.1/../../../../arm-none-eabi/lib/thumb/v7e-m+fp/hard/libc_nano.a(libc_a-memchr.o)
                0x080014e8                        __exidx_end = .
                0x080014e8                        . = ALIGN (0x4)

.preinit_array  0x080014e8        0x0
                0x080014e8                        . = ALIGN (0x4)
                0x080014e8                        PROVIDE (__preinit_array_start = .)
 *(.preinit_array*)
                0x080014e8                        PROVIDE (__preinit_array_end = .)
                0x080014e8                        . = ALIGN (0x4)

.init_array     0x080014e8        0x4
                0x080014e8                        . = ALIGN (0x4)
                0x080014e8                        PROVIDE (__init_array_start = .)
 *(SORT_BY_NAME(.init_array.*))
 *(.init_array*)
 .init_array    0x080014e8        0x4 /Applications/STM32CubeIDE.app/Contents/Eclipse/plugins/com.st.stm32cube.ide.mcu.externaltools.gnu-tools-for-stm32.13.3.rel1.macos64_1.0.0.202411102158/tools/bin/../lib/gcc/arm-none-eabi/13.3.1/thumb/v7e-m+fp/hard/crtbegin.o
                0x080014ec                        PROVIDE (__init_array_end = .)
                0x080014ec                        . = ALIGN (0x4)

.fini_array     0x080014ec        0x4
                0x080014ec                        . = ALIGN (0x4)
                [!provide]                        PROVIDE (__fini_array_start = .)
 *(SORT_BY_NAME(.fini_array.*))
 *(.fini_array*)
 .fini_array    0x080014ec        0x4 /Applications/STM32CubeIDE.app/Contents/Eclipse/plugins/com.st.stm32cube.ide.mcu.externaltools.gnu-tools-for-stm32.13.3.rel1.macos64_1.0.0.202411102158/tools/bin/../lib/gcc/arm-none-eabi/13.3.1/thumb/v7e-m+fp/hard/crtbegin.o
                [!provide]                        PROVIDE (__fini_array_end = .)
                0x080014f0                        . = ALIGN (0x4)
                0x080014f0                        _sidata = LOADADDR (.data)

.rel.dyn        0x080014f0        0x0
 .rel.iplt      0x080014f0        0x0 /Applications/STM32CubeIDE.app/Contents/Eclipse/plugins/com.st.stm32cube.ide.mcu.externaltools.gnu-tools-for-stm32.13.3.rel1.macos64_1.0.0.202411102158/tools/bin/../lib/gcc/arm-none-eabi/13.3.1/thumb/v7e-m+fp/hard/crtbegin.o

.data           0x20000000      0x6b0 load address 0x080014f0
                0x20000000                        . = ALIGN (0x4)
                0x20000000                        _sdata = .
 *(.data)
 *(.data*)
 .data.USART1_PORT
                0x20000000      0x330 ./Src/serial.o
                0x20000000                USART1_PORT
 .data.USART2_PORT
                0x20000330      0x330 ./Src/serial.o
                0x20000330                USART2_PORT
 .data._impure_ptr
                0x20000660        0x4 /Applications/STM32CubeIDE.app/Contents/Eclipse/plugins/com.st.stm32cube.ide.mcu.externaltools.gnu-tools-for-stm32.13.3.rel1.macos64_1.0.0.202411102158/tools/bin/../lib/gcc/arm-none-eabi/13.3.1/../../../../arm-none-eabi/lib/thumb/v7e-m+fp/hard/libc_nano.a(libc_a-impure.o)
                0x20000660                _impure_ptr
 .data._impure_data
                0x20000664       0x4c /Applications/STM32CubeIDE.app/Contents/Eclipse/plugins/com.st.stm32cube.ide.mcu.externaltools.gnu-tools-for-stm32.13.3.rel1.macos64_1.0.0.202411102158/tools/bin/../lib/gcc/arm-none-eabi/13.3.1/../../../../arm-none-eabi/lib/thumb/v7e-m+fp/hard/libc_nano.a(libc_a-impure.o)
                0x20000664                _impure_data
 *(.RamFunc)
 *(.RamFunc*)
                0x200006b0                        . = ALIGN (0x4)
                0x200006b0                        _edata = .
                0x08001ba0                        _siccmram = LOADADDR (.ccmram)

.igot.plt       0x200006b0        0x0 load address 0x08001ba0
 .igot.plt      0x200006b0        0x0 /Applications/STM32CubeIDE.app/Contents/Eclipse/plugins/com.st.stm32cube.ide.mcu.externaltools.gnu-tools-for-stm32.13.3.rel1.macos64_1.0.0.202411102158/tools/bin/../lib/gcc/arm-none-eabi/13.3.1/thumb/v7e-m+fp/hard/crtbegin.o

.ccmram         0x10000000        0x0 load address 0x08001ba0
                0x10000000                        . = ALIGN (0x4)
                0x10000000                        _sccmram = .
 *(.ccmram)
 *(.ccmram*)
                0x10000000                        . = ALIGN (0x4)
                0x10000000                        _eccmram = .
                0x10000000                        . = ALIGN (0x4)

.bss            0x200006b0      0x168
                0x200006b0                        _sbss = .
                0x200006b0                        __bss_start__ = _sbss
 *(.bss)
 .bss           0x200006b0       0x1c /Applications/STM32CubeIDE.app/Contents/Eclipse/plugins/com.st.stm32cube.ide.mcu.externaltools.gnu-tools-for-stm32.13.3.rel1.macos64_1.0.0.202411102158/tools/bin/../lib/gcc/arm-none-eabi/13.3.1/thumb/v7e-m+fp/hard/crtbegin.o
 *(.bss*)
 .bss.__sbrk_heap_end
                0x200006cc        0x4 ./Src/sysmem.o
 .bss.__sf      0x200006d0      0x138 /Applications/STM32CubeIDE.app/Contents/Eclipse/plugins/com.st.stm32cube.ide.mcu.externaltools.gnu-tools-for-stm32.13.3.rel1.macos64_1.0.0.202411102158/tools/bin/../lib/gcc/arm-none-eabi/13.3.1/../../../../arm-none-eabi/lib/thumb/v7e-m+fp/hard/libc_nano.a(libc_a-findfp.o)
                0x200006d0                __sf
 .bss.__lock___malloc_recursive_mutex
                0x20000808        0x1 /Applications/STM32CubeIDE.app/Contents/Eclipse/plugins/com.st.stm32cube.ide.mcu.externaltools.gnu-tools-for-stm32.13.3.rel1.macos64_1.0.0.202411102158/tools/bin/../lib/gcc/arm-none-eabi/13.3.1/../../../../arm-none-eabi/lib/thumb/v7e-m+fp/hard/libc_nano.a(libc_a-lock.o)
                0x20000808                __lock___malloc_recursive_mutex
 *fill*         0x20000809        0x3 
 .bss.__malloc_sbrk_start
                0x2000080c        0x4 /Applications/STM32CubeIDE.app/Contents/Eclipse/plugins/com.st.stm32cube.ide.mcu.externaltools.gnu-tools-for-stm32.13.3.rel1.macos64_1.0.0.202411102158/tools/bin/../lib/gcc/arm-none-eabi/13.3.1/../../../../arm-none-eabi/lib/thumb/v7e-m+fp/hard/libc_nano.a(libc_a-mallocr.o)
                0x2000080c                __malloc_sbrk_start
 .bss.__malloc_free_list
                0x20000810        0x4 /Applications/STM32CubeIDE.app/Contents/Eclipse/plugins/com.st.stm32cube.ide.mcu.externaltools.gnu-tools-for-stm32.13.3.rel1.macos64_1.0.0.202411102158/tools/bin/../lib/gcc/arm-none-eabi/13.3.1/../../../../arm-none-eabi/lib/thumb/v7e-m+fp/hard/libc_nano.a(libc_a-mallocr.o)
                0x20000810                __malloc_free_list
 .bss.errno     0x20000814        0x4 /Applications/STM32CubeIDE.app/Contents/Eclipse/plugins/com.st.stm32cube.ide.mcu.externaltools.gnu-tools-for-stm32.13.3.rel1.macos64_1.0.0.202411102158/tools/bin/../lib/gcc/arm-none-eabi/13.3.1/../../../../arm-none-eabi/lib/thumb/v7e-m+fp/hard/libc_nano.a(libc_a-reent.o)
                0x20000814                errno
 *(COMMON)
                0x20000818                        . = ALIGN (0x4)
                0x20000818                        _ebss = .
                0x20000818                        __bss_end__ = _ebss

._user_heap_stack
                0x20000818      0x600
                0x20000818                        . = ALIGN (0x8)
                [!provide]                        PROVIDE (end = .)
                0x20000818                        PROVIDE (_end = .)
                0x20000a18                        . = (. + _Min_Heap_Size)
 *fill*         0x20000818      0x200 
                0x20000e18                        . = (. + _Min_Stack_Size)
 *fill*         0x20000a18      0x400 
                0x20000e18                        . = ALIGN (0x8)

/DISCARD/
 libc.a(*)
 libm.a(*)
 libgcc.a(*)

.ARM.attributes
                0x00000000       0x30
 *(.ARM.attributes)
 .ARM.attributes
                0x00000000       0x22 /Applications/STM32CubeIDE.app/Contents/Eclipse/plugins/com.st.stm32cube.ide.mcu.externaltools.gnu-tools-for-stm32.13.3.rel1.macos64_1.0.0.202411102158/tools/bin/../lib/gcc/arm-none-eabi/13.3.1/thumb/v7e-m+fp/hard/crti.o
 .ARM.attributes
                0x00000022       0x34 /Applications/STM32CubeIDE.app/Contents/Eclipse/plugins/com.st.stm32cube.ide.mcu.externaltools.gnu-tools-for-stm32.13.3.rel1.macos64_1.0.0.202411102158/tools/bin/../lib/gcc/arm-none-eabi/13.3.1/thumb/v7e-m+fp/hard/crtbegin.o
 .ARM.attributes
                0x00000056       0x34 ./Src/main.o
 .ARM.attributes
                0x0000008a       0x34 ./Src/serial.o
 .ARM.attributes
                0x000000be       0x34 ./Src/serial_interrupt.o
 .ARM.attributes
                0x000000f2       0x34 ./Src/sysmem.o
 .ARM.attributes
                0x00000126       0x21 ./Startup/startup_stm32f303vctx.o
 .ARM.attributes
                0x00000147       0x34 /Applications/STM32CubeIDE.app/Contents/Eclipse/plugins/com.st.stm32cube.ide.mcu.externaltools.gnu-tools-for-stm32.13.3.rel1.macos64_1.0.0.202411102158/tools/bin/../lib/gcc/arm-none-eabi/13.3.1/../../../../arm-none-eabi/lib/thumb/v7e-m+fp/hard/libc_nano.a(libc_a-sprintf.o)
 .ARM.attributes
                0x0000017b       0x34 /Applications/STM32CubeIDE.app/Contents/Eclipse/plugins/com.st.stm32cube.ide.mcu.externaltools.gnu-tools-for-stm32.13.3.rel1.macos64_1.0.0.202411102158/tools/bin/../lib/gcc/arm-none-eabi/13.3.1/../../../../arm-none-eabi/lib/thumb/v7e-m+fp/hard/libc_nano.a(libc_a-findfp.o)
 .ARM.attributes
                0x000001af       0x34 /Applications/STM32CubeIDE.app/Contents/Eclipse/plugins/com.st.stm32cube.ide.mcu.externaltools.gnu-tools-for-stm32.13.3.rel1.macos64_1.0.0.202411102158/tools/bin/../lib/gcc/arm-none-eabi/13.3.1/../../../../arm-none-eabi/lib/thumb/v7e-m+fp/hard/libc_nano.a(libc_a-memset.o)
 .ARM.attributes
                0x000001e3       0x34 /Applications/STM32CubeIDE.app/Contents/Eclipse/plugins/com.st.stm32cube.ide.mcu.externaltools.gnu-tools-for-stm32.13.3.rel1.macos64_1.0.0.202411102158/tools/bin/../lib/gcc/arm-none-eabi/13.3.1/../../../../arm-none-eabi/lib/thumb/v7e-m+fp/hard/libc_nano.a(libc_a-errno.o)
 .ARM.attributes
                0x00000217       0x34 /Applications/STM32CubeIDE.app/Contents/Eclipse/plugins/com.st.stm32cube.ide.mcu.externaltools.gnu-tools-for-stm32.13.3.rel1.macos64_1.0.0.202411102158/tools/bin/../lib/gcc/arm-none-eabi/13.3.1/../../../../arm-none-eabi/lib/thumb/v7e-m+fp/hard/libc_nano.a(libc_a-init.o)
 .ARM.attributes
                0x0000024b       0x34 /Applications/STM32CubeIDE.app/Contents/Eclipse/plugins/com.st.stm32cube.ide.mcu.externaltools.gnu-tools-for-stm32.13.3.rel1.macos64_1.0.0.202411102158/tools/bin/../lib/gcc/arm-none-eabi/13.3.1/../../../../arm-none-eabi/lib/thumb/v7e-m+fp/hard/libc_nano.a(libc_a-lock.o)
 .ARM.attributes
                0x0000027f       0x34 /Applications/STM32CubeIDE.app/Contents/Eclipse/plugins/com.st.stm32cube.ide.mcu.externaltools.gnu-tools-for-stm32.13.3.rel1.macos64_1.0.0.202411102158/tools/bin/../lib/gcc/arm-none-eabi/13.3.1/../../../../arm-none-eabi/lib/thumb/v7e-m+fp/hard/libc_nano.a(libc_a-impure.o)
 .ARM.attributes
                0x000002b3       0x34 /Applications/STM32CubeIDE.app/Contents/Eclipse/plugins/com.st.stm32cube.ide.mcu.externaltools.gnu-tools-for-stm32.13.3.rel1.macos64_1.0.0.202411102158/tools/bin/../lib/gcc/arm-none-eabi/13.3.1/../../../../arm-none-eabi/lib/thumb/v7e-m+fp/hard/libc_nano.a(libc_a-nano-svfprintf.o)
 .ARM.attributes
                0x000002e7       0x34 /Applications/STM32CubeIDE.app/Contents/Eclipse/plugins/com.st.stm32cube.ide.mcu.externaltools.gnu-tools-for-stm32.13.3.rel1.macos64_1.0.0.202411102158/tools/bin/../lib/gcc/arm-none-eabi/13.3.1/../../../../arm-none-eabi/lib/thumb/v7e-m+fp/hard/libc_nano.a(libc_a-mallocr.o)
 .ARM.attributes
                0x0000031b       0x34 /Applications/STM32CubeIDE.app/Contents/Eclipse/plugins/com.st.stm32cube.ide.mcu.externaltools.gnu-tools-for-stm32.13.3.rel1.macos64_1.0.0.202411102158/tools/bin/../lib/gcc/arm-none-eabi/13.3.1/../../../../arm-none-eabi/lib/thumb/v7e-m+fp/hard/libc_nano.a(libc_a-nano-vfprintf_i.o)
 .ARM.attributes
                0x0000034f       0x34 /Applications/STM32CubeIDE.app/Contents/Eclipse/plugins/com.st.stm32cube.ide.mcu.externaltools.gnu-tools-for-stm32.13.3.rel1.macos64_1.0.0.202411102158/tools/bin/../lib/gcc/arm-none-eabi/13.3.1/../../../../arm-none-eabi/lib/thumb/v7e-m+fp/hard/libc_nano.a(libc_a-mlock.o)
 .ARM.attributes
                0x00000383       0x34 /Applications/STM32CubeIDE.app/Contents/Eclipse/plugins/com.st.stm32cube.ide.mcu.externaltools.gnu-tools-for-stm32.13.3.rel1.macos64_1.0.0.202411102158/tools/bin/../lib/gcc/arm-none-eabi/13.3.1/../../../../arm-none-eabi/lib/thumb/v7e-m+fp/hard/libc_nano.a(libc_a-reallocr.o)
 .ARM.attributes
                0x000003b7       0x34 /Applications/STM32CubeIDE.app/Contents/Eclipse/plugins/com.st.stm32cube.ide.mcu.externaltools.gnu-tools-for-stm32.13.3.rel1.macos64_1.0.0.202411102158/tools/bin/../lib/gcc/arm-none-eabi/13.3.1/../../../../arm-none-eabi/lib/thumb/v7e-m+fp/hard/libc_nano.a(libc_a-memmove.o)
 .ARM.attributes
                0x000003eb       0x34 /Applications/STM32CubeIDE.app/Contents/Eclipse/plugins/com.st.stm32cube.ide.mcu.externaltools.gnu-tools-for-stm32.13.3.rel1.macos64_1.0.0.202411102158/tools/bin/../lib/gcc/arm-none-eabi/13.3.1/../../../../arm-none-eabi/lib/thumb/v7e-m+fp/hard/libc_nano.a(libc_a-sbrkr.o)
 .ARM.attributes
                0x0000041f       0x34 /Applications/STM32CubeIDE.app/Contents/Eclipse/plugins/com.st.stm32cube.ide.mcu.externaltools.gnu-tools-for-stm32.13.3.rel1.macos64_1.0.0.202411102158/tools/bin/../lib/gcc/arm-none-eabi/13.3.1/../../../../arm-none-eabi/lib/thumb/v7e-m+fp/hard/libc_nano.a(libc_a-reent.o)
 .ARM.attributes
                0x00000453       0x1c /Applications/STM32CubeIDE.app/Contents/Eclipse/plugins/com.st.stm32cube.ide.mcu.externaltools.gnu-tools-for-stm32.13.3.rel1.macos64_1.0.0.202411102158/tools/bin/../lib/gcc/arm-none-eabi/13.3.1/../../../../arm-none-eabi/lib/thumb/v7e-m+fp/hard/libc_nano.a(libc_a-memchr.o)
 .ARM.attributes
                0x0000046f       0x34 /Applications/STM32CubeIDE.app/Contents/Eclipse/plugins/com.st.stm32cube.ide.mcu.externaltools.gnu-tools-for-stm32.13.3.rel1.macos64_1.0.0.202411102158/tools/bin/../lib/gcc/arm-none-eabi/13.3.1/../../../../arm-none-eabi/lib/thumb/v7e-m+fp/hard/libc_nano.a(libc_a-memcpy-stub.o)
 .ARM.attributes
                0x000004a3       0x34 /Applications/STM32CubeIDE.app/Contents/Eclipse/plugins/com.st.stm32cube.ide.mcu.externaltools.gnu-tools-for-stm32.13.3.rel1.macos64_1.0.0.202411102158/tools/bin/../lib/gcc/arm-none-eabi/13.3.1/../../../../arm-none-eabi/lib/thumb/v7e-m+fp/hard/libc_nano.a(libc_a-freer.o)
 .ARM.attributes
                0x000004d7       0x34 /Applications/STM32CubeIDE.app/Contents/Eclipse/plugins/com.st.stm32cube.ide.mcu.externaltools.gnu-tools-for-stm32.13.3.rel1.macos64_1.0.0.202411102158/tools/bin/../lib/gcc/arm-none-eabi/13.3.1/../../../../arm-none-eabi/lib/thumb/v7e-m+fp/hard/libc_nano.a(libc_a-msizer.o)
 .ARM.attributes
                0x0000050b       0x22 /Applications/STM32CubeIDE.app/Contents/Eclipse/plugins/com.st.stm32cube.ide.mcu.externaltools.gnu-tools-for-stm32.13.3.rel1.macos64_1.0.0.202411102158/tools/bin/../lib/gcc/arm-none-eabi/13.3.1/thumb/v7e-m+fp/hard/crtn.o
OUTPUT(Serial.elf elf32-littlearm)
LOAD linker stubs
LOAD /Applications/STM32CubeIDE.app/Contents/Eclipse/plugins/com.st.stm32cube.ide.mcu.externaltools.gnu-tools-for-stm32.13.3.rel1.macos64_1.0.0.202411102158/tools/bin/../lib/gcc/arm-none-eabi/13.3.1/../../../../arm-none-eabi/lib/thumb/v7e-m+fp/hard/libc.a
LOAD /Applications/STM32CubeIDE.app/Contents/Eclipse/plugins/com.st.stm32cube.ide.mcu.externaltools.gnu-tools-for-stm32.13.3.rel1.macos64_1.0.0.202411102158/tools/bin/../lib/gcc/arm-none-eabi/13.3.1/../../../../arm-none-eabi/lib/thumb/v7e-m+fp/hard/libm.a
LOAD /Applications/STM32CubeIDE.app/Contents/Eclipse/plugins/com.st.stm32cube.ide.mcu.externaltools.gnu-tools-for-stm32.13.3.rel1.macos64_1.0.0.202411102158/tools/bin/../lib/gcc/arm-none-eabi/13.3.1/thumb/v7e-m+fp/hard/libgcc.a

.debug_info     0x00000000     0x19cf
 .debug_info    0x00000000      0x736 ./Src/main.o
 .debug_info    0x00000736      0x735 ./Src/serial.o
 .debug_info    0x00000e6b      0x9cc ./Src/serial_interrupt.o
 .debug_info    0x00001837      0x168 ./Src/sysmem.o
 .debug_info    0x0000199f       0x30 ./Startup/startup_stm32f303vctx.o

.debug_abbrev   0x00000000      0x6c3
 .debug_abbrev  0x00000000      0x20a ./Src/main.o
 .debug_abbrev  0x0000020a      0x1a2 ./Src/serial.o
 .debug_abbrev  0x000003ac      0x237 ./Src/serial_interrupt.o
 .debug_abbrev  0x000005e3       0xbc ./Src/sysmem.o
 .debug_abbrev  0x0000069f       0x24 ./Startup/startup_stm32f303vctx.o

.debug_aranges  0x00000000      0x100
 .debug_aranges
                0x00000000       0x40 ./Src/main.o
 .debug_aranges
                0x00000040       0x30 ./Src/serial.o
 .debug_aranges
                0x00000070       0x48 ./Src/serial_interrupt.o
 .debug_aranges
                0x000000b8       0x20 ./Src/sysmem.o
 .debug_aranges
                0x000000d8       0x28 ./Startup/startup_stm32f303vctx.o

.debug_rnglists
                0x00000000       0xab
 .debug_rnglists
                0x00000000       0x2c ./Src/main.o
 .debug_rnglists
                0x0000002c       0x20 ./Src/serial.o
 .debug_rnglists
                0x0000004c       0x33 ./Src/serial_interrupt.o
 .debug_rnglists
                0x0000007f       0x13 ./Src/sysmem.o
 .debug_rnglists
                0x00000092       0x19 ./Startup/startup_stm32f303vctx.o

.debug_macro    0x00000000    0x15e6c
 .debug_macro   0x00000000      0x1e1 ./Src/main.o
 .debug_macro   0x000001e1      0xae4 ./Src/main.o
 .debug_macro   0x00000cc5       0x22 ./Src/main.o
 .debug_macro   0x00000ce7       0x8e ./Src/main.o
 .debug_macro   0x00000d75       0x51 ./Src/main.o
 .debug_macro   0x00000dc6      0x103 ./Src/main.o
 .debug_macro   0x00000ec9       0x6a ./Src/main.o
 .debug_macro   0x00000f33      0x1df ./Src/main.o
 .debug_macro   0x00001112       0x2a ./Src/main.o
 .debug_macro   0x0000113c       0x61 ./Src/main.o
 .debug_macro   0x0000119d       0x43 ./Src/main.o
 .debug_macro   0x000011e0       0x34 ./Src/main.o
 .debug_macro   0x00001214       0x16 ./Src/main.o
 .debug_macro   0x0000122a      0x11c ./Src/main.o
 .debug_macro   0x00001346       0x9b ./Src/main.o
 .debug_macro   0x000013e1      0x370 ./Src/main.o
 .debug_macro   0x00001751       0x16 ./Src/main.o
 .debug_macro   0x00001767       0x4a ./Src/main.o
 .debug_macro   0x000017b1       0x34 ./Src/main.o
 .debug_macro   0x000017e5       0x10 ./Src/main.o
 .debug_macro   0x000017f5       0x58 ./Src/main.o
 .debug_macro   0x0000184d       0x8e ./Src/main.o
 .debug_macro   0x000018db       0x1c ./Src/main.o
 .debug_macro   0x000018f7      0x185 ./Src/main.o
 .debug_macro   0x00001a7c       0x16 ./Src/main.o
 .debug_macro   0x00001a92       0x29 ./Src/main.o
 .debug_macro   0x00001abb       0x1c ./Src/main.o
 .debug_macro   0x00001ad7       0x3c ./Src/main.o
 .debug_macro   0x00001b13       0x10 ./Src/main.o
 .debug_macro   0x00001b23       0x1c ./Src/main.o
 .debug_macro   0x00001b3f       0x16 ./Src/main.o
 .debug_macro   0x00001b55      0x146 ./Src/main.o
 .debug_macro   0x00001c9b       0x28 ./Src/main.o
 .debug_macro   0x00001cc3       0x1c ./Src/main.o
 .debug_macro   0x00001cdf       0x22 ./Src/main.o
 .debug_macro   0x00001d01       0xd9 ./Src/main.o
 .debug_macro   0x00001dda     0x102d ./Src/main.o
 .debug_macro   0x00002e07      0x11f ./Src/main.o
 .debug_macro   0x00002f26    0x12a3a ./Src/main.o
 .debug_macro   0x00015960       0x10 ./Src/main.o
 .debug_macro   0x00015970       0xd2 ./Src/serial.o
 .debug_macro   0x00015a42       0xdc ./Src/serial_interrupt.o
 .debug_macro   0x00015b1e      0x112 ./Src/sysmem.o
 .debug_macro   0x00015c30      0x23c ./Src/sysmem.o

.debug_line     0x00000000     0x1748
 .debug_line    0x00000000      0x64e ./Src/main.o
 .debug_line    0x0000064e      0x558 ./Src/serial.o
 .debug_line    0x00000ba6      0x60b ./Src/serial_interrupt.o
 .debug_line    0x000011b1      0x51c ./Src/sysmem.o
 .debug_line    0x000016cd       0x7b ./Startup/startup_stm32f303vctx.o

.debug_str      0x00000000    0x76988
 .debug_str     0x00000000    0x76988 ./Src/main.o
                              0x765c4 (size before relaxing)
 .debug_str     0x00076988    0x729ca ./Src/serial.o
 .debug_str     0x00076988    0x72a75 ./Src/serial_interrupt.o
 .debug_str     0x00076988     0x7784 ./Src/sysmem.o
 .debug_str     0x00076988       0x70 ./Startup/startup_stm32f303vctx.o

.comment        0x00000000       0x43
 .comment       0x00000000       0x43 ./Src/main.o
                                 0x44 (size before relaxing)
 .comment       0x00000043       0x44 ./Src/serial.o
 .comment       0x00000043       0x44 ./Src/serial_interrupt.o
 .comment       0x00000043       0x44 ./Src/sysmem.o

.debug_frame    0x00000000      0x7f0
 .debug_frame   0x00000000       0xc4 ./Src/main.o
 .debug_frame   0x000000c4       0x84 ./Src/serial.o
 .debug_frame   0x00000148       0xe8 ./Src/serial_interrupt.o
 .debug_frame   0x00000230       0x34 ./Src/sysmem.o
 .debug_frame   0x00000264       0x74 /Applications/STM32CubeIDE.app/Contents/Eclipse/plugins/com.st.stm32cube.ide.mcu.externaltools.gnu-tools-for-stm32.13.3.rel1.macos64_1.0.0.202411102158/tools/bin/../lib/gcc/arm-none-eabi/13.3.1/../../../../arm-none-eabi/lib/thumb/v7e-m+fp/hard/libc_nano.a(libc_a-sprintf.o)
 .debug_frame   0x000002d8      0x144 /Applications/STM32CubeIDE.app/Contents/Eclipse/plugins/com.st.stm32cube.ide.mcu.externaltools.gnu-tools-for-stm32.13.3.rel1.macos64_1.0.0.202411102158/tools/bin/../lib/gcc/arm-none-eabi/13.3.1/../../../../arm-none-eabi/lib/thumb/v7e-m+fp/hard/libc_nano.a(libc_a-findfp.o)
 .debug_frame   0x0000041c       0x20 /Applications/STM32CubeIDE.app/Contents/Eclipse/plugins/com.st.stm32cube.ide.mcu.externaltools.gnu-tools-for-stm32.13.3.rel1.macos64_1.0.0.202411102158/tools/bin/../lib/gcc/arm-none-eabi/13.3.1/../../../../arm-none-eabi/lib/thumb/v7e-m+fp/hard/libc_nano.a(libc_a-memset.o)
 .debug_frame   0x0000043c       0x20 /Applications/STM32CubeIDE.app/Contents/Eclipse/plugins/com.st.stm32cube.ide.mcu.externaltools.gnu-tools-for-stm32.13.3.rel1.macos64_1.0.0.202411102158/tools/bin/../lib/gcc/arm-none-eabi/13.3.1/../../../../arm-none-eabi/lib/thumb/v7e-m+fp/hard/libc_nano.a(libc_a-errno.o)
 .debug_frame   0x0000045c       0x2c /Applications/STM32CubeIDE.app/Contents/Eclipse/plugins/com.st.stm32cube.ide.mcu.externaltools.gnu-tools-for-stm32.13.3.rel1.macos64_1.0.0.202411102158/tools/bin/../lib/gcc/arm-none-eabi/13.3.1/../../../../arm-none-eabi/lib/thumb/v7e-m+fp/hard/libc_nano.a(libc_a-init.o)
 .debug_frame   0x00000488       0xb0 /Applications/STM32CubeIDE.app/Contents/Eclipse/plugins/com.st.stm32cube.ide.mcu.externaltools.gnu-tools-for-stm32.13.3.rel1.macos64_1.0.0.202411102158/tools/bin/../lib/gcc/arm-none-eabi/13.3.1/../../../../arm-none-eabi/lib/thumb/v7e-m+fp/hard/libc_nano.a(libc_a-lock.o)
 .debug_frame   0x00000538       0x90 /Applications/STM32CubeIDE.app/Contents/Eclipse/plugins/com.st.stm32cube.ide.mcu.externaltools.gnu-tools-for-stm32.13.3.rel1.macos64_1.0.0.202411102158/tools/bin/../lib/gcc/arm-none-eabi/13.3.1/../../../../arm-none-eabi/lib/thumb/v7e-m+fp/hard/libc_nano.a(libc_a-nano-svfprintf.o)
 .debug_frame   0x000005c8       0x50 /Applications/STM32CubeIDE.app/Contents/Eclipse/plugins/com.st.stm32cube.ide.mcu.externaltools.gnu-tools-for-stm32.13.3.rel1.macos64_1.0.0.202411102158/tools/bin/../lib/gcc/arm-none-eabi/13.3.1/../../../../arm-none-eabi/lib/thumb/v7e-m+fp/hard/libc_nano.a(libc_a-mallocr.o)
 .debug_frame   0x00000618       0x60 /Applications/STM32CubeIDE.app/Contents/Eclipse/plugins/com.st.stm32cube.ide.mcu.externaltools.gnu-tools-for-stm32.13.3.rel1.macos64_1.0.0.202411102158/tools/bin/../lib/gcc/arm-none-eabi/13.3.1/../../../../arm-none-eabi/lib/thumb/v7e-m+fp/hard/libc_nano.a(libc_a-nano-vfprintf_i.o)
 .debug_frame   0x00000678       0x30 /Applications/STM32CubeIDE.app/Contents/Eclipse/plugins/com.st.stm32cube.ide.mcu.externaltools.gnu-tools-for-stm32.13.3.rel1.macos64_1.0.0.202411102158/tools/bin/../lib/gcc/arm-none-eabi/13.3.1/../../../../arm-none-eabi/lib/thumb/v7e-m+fp/hard/libc_nano.a(libc_a-mlock.o)
 .debug_frame   0x000006a8       0x3c /Applications/STM32CubeIDE.app/Contents/Eclipse/plugins/com.st.stm32cube.ide.mcu.externaltools.gnu-tools-for-stm32.13.3.rel1.macos64_1.0.0.202411102158/tools/bin/../lib/gcc/arm-none-eabi/13.3.1/../../../../arm-none-eabi/lib/thumb/v7e-m+fp/hard/libc_nano.a(libc_a-reallocr.o)
 .debug_frame   0x000006e4       0x28 /Applications/STM32CubeIDE.app/Contents/Eclipse/plugins/com.st.stm32cube.ide.mcu.externaltools.gnu-tools-for-stm32.13.3.rel1.macos64_1.0.0.202411102158/tools/bin/../lib/gcc/arm-none-eabi/13.3.1/../../../../arm-none-eabi/lib/thumb/v7e-m+fp/hard/libc_nano.a(libc_a-memmove.o)
 .debug_frame   0x0000070c       0x2c /Applications/STM32CubeIDE.app/Contents/Eclipse/plugins/com.st.stm32cube.ide.mcu.externaltools.gnu-tools-for-stm32.13.3.rel1.macos64_1.0.0.202411102158/tools/bin/../lib/gcc/arm-none-eabi/13.3.1/../../../../arm-none-eabi/lib/thumb/v7e-m+fp/hard/libc_nano.a(libc_a-sbrkr.o)
 .debug_frame   0x00000738       0x38 /Applications/STM32CubeIDE.app/Contents/Eclipse/plugins/com.st.stm32cube.ide.mcu.externaltools.gnu-tools-for-stm32.13.3.rel1.macos64_1.0.0.202411102158/tools/bin/../lib/gcc/arm-none-eabi/13.3.1/../../../../arm-none-eabi/lib/thumb/v7e-m+fp/hard/libc_nano.a(libc_a-reent.o)
 .debug_frame   0x00000770       0x28 /Applications/STM32CubeIDE.app/Contents/Eclipse/plugins/com.st.stm32cube.ide.mcu.externaltools.gnu-tools-for-stm32.13.3.rel1.macos64_1.0.0.202411102158/tools/bin/../lib/gcc/arm-none-eabi/13.3.1/../../../../arm-none-eabi/lib/thumb/v7e-m+fp/hard/libc_nano.a(libc_a-memcpy-stub.o)
 .debug_frame   0x00000798       0x38 /Applications/STM32CubeIDE.app/Contents/Eclipse/plugins/com.st.stm32cube.ide.mcu.externaltools.gnu-tools-for-stm32.13.3.rel1.macos64_1.0.0.202411102158/tools/bin/../lib/gcc/arm-none-eabi/13.3.1/../../../../arm-none-eabi/lib/thumb/v7e-m+fp/hard/libc_nano.a(libc_a-freer.o)
 .debug_frame   0x000007d0       0x20 /Applications/STM32CubeIDE.app/Contents/Eclipse/plugins/com.st.stm32cube.ide.mcu.externaltools.gnu-tools-for-stm32.13.3.rel1.macos64_1.0.0.202411102158/tools/bin/../lib/gcc/arm-none-eabi/13.3.1/../../../../arm-none-eabi/lib/thumb/v7e-m+fp/hard/libc_nano.a(libc_a-msizer.o)

.debug_line_str
                0x00000000       0x54
 .debug_line_str
                0x00000000       0x54 ./Startup/startup_stm32f303vctx.o
