C:/Users/AngusMclean/Downloads/MTRX2700-2025-main/MTRX2700-2025-main/stm32f303-definitions/Core/Inc/core_cm4.h:1688:22:__NVIC_EnableIRQ	16	static
C:/Users/AngusMclean/Downloads/MTRX2700-2025-main/MTRX2700-2025-main/stm32f303-definitions/Core/Inc/core_cm4.h:1816:22:__NVIC_SetPriority	16	static
../Src/stepper_timer.c:153:6:stepper_timer_init	8	static,ignoring_inline_asm
../Src/stepper_timer.c:174:6:stepper_control_init	8	static
../Src/stepper_timer.c:200:6:TIM2_IRQHandler	8	static
../Src/stepper_timer.c:278:6:plan_velocity	24	static
../Src/stepper_timer.c:388:6:set_z_target	24	static
../Src/stepper_timer.c:403:20:step_motor_A	16	static
../Src/stepper_timer.c:418:20:step_motor_B	16	static
../Src/stepper_timer.c:438:6:init_axis0_gpio	4	static
../Src/stepper_timer.c:470:6:init_axis1_gpio	4	static
../Src/stepper_timer.c:500:6:init_axis2_gpio	4	static
